ARM GAS  C:\msys64\tmp\ccX5t6eg.s 			page 1


   1              		.cpu cortex-m0
   2              		.arch armv6s-m
   3              		.fpu softvfp
   4              		.eabi_attribute 20, 1
   5              		.eabi_attribute 21, 1
   6              		.eabi_attribute 23, 3
   7              		.eabi_attribute 24, 1
   8              		.eabi_attribute 25, 1
   9              		.eabi_attribute 26, 1
  10              		.eabi_attribute 30, 1
  11              		.eabi_attribute 34, 0
  12              		.eabi_attribute 18, 4
  13              		.file	"stm32f0xx_hal.c"
  14              		.text
  15              	.Ltext0:
  16              		.cfi_sections	.debug_frame
  17              		.file 1 "Drivers/STM32F0xx_HAL_Driver/Src/stm32f0xx_hal.c"
  18              		.section	.text.HAL_MspInit,"ax",%progbits
  19              		.align	1
  20              		.weak	HAL_MspInit
  21              		.syntax unified
  22              		.code	16
  23              		.thumb_func
  25              	HAL_MspInit:
  26              	.LFB42:
   1:Drivers/STM32F0xx_HAL_Driver/Src/stm32f0xx_hal.c **** /**
   2:Drivers/STM32F0xx_HAL_Driver/Src/stm32f0xx_hal.c ****   ******************************************************************************
   3:Drivers/STM32F0xx_HAL_Driver/Src/stm32f0xx_hal.c ****   * @file    stm32f0xx_hal.c
   4:Drivers/STM32F0xx_HAL_Driver/Src/stm32f0xx_hal.c ****   * @author  MCD Application Team
   5:Drivers/STM32F0xx_HAL_Driver/Src/stm32f0xx_hal.c ****   * @brief   HAL module driver.
   6:Drivers/STM32F0xx_HAL_Driver/Src/stm32f0xx_hal.c ****   *          This is the common part of the HAL initialization
   7:Drivers/STM32F0xx_HAL_Driver/Src/stm32f0xx_hal.c ****   *
   8:Drivers/STM32F0xx_HAL_Driver/Src/stm32f0xx_hal.c ****   ******************************************************************************
   9:Drivers/STM32F0xx_HAL_Driver/Src/stm32f0xx_hal.c ****   * @attention
  10:Drivers/STM32F0xx_HAL_Driver/Src/stm32f0xx_hal.c ****   *
  11:Drivers/STM32F0xx_HAL_Driver/Src/stm32f0xx_hal.c ****   * Copyright (c) 2016 STMicroelectronics.
  12:Drivers/STM32F0xx_HAL_Driver/Src/stm32f0xx_hal.c ****   * All rights reserved.
  13:Drivers/STM32F0xx_HAL_Driver/Src/stm32f0xx_hal.c ****   *
  14:Drivers/STM32F0xx_HAL_Driver/Src/stm32f0xx_hal.c ****   * This software is licensed under terms that can be found in the LICENSE file
  15:Drivers/STM32F0xx_HAL_Driver/Src/stm32f0xx_hal.c ****   * in the root directory of this software component.
  16:Drivers/STM32F0xx_HAL_Driver/Src/stm32f0xx_hal.c ****   * If no LICENSE file comes with this software, it is provided AS-IS.
  17:Drivers/STM32F0xx_HAL_Driver/Src/stm32f0xx_hal.c ****   *
  18:Drivers/STM32F0xx_HAL_Driver/Src/stm32f0xx_hal.c ****   ******************************************************************************
  19:Drivers/STM32F0xx_HAL_Driver/Src/stm32f0xx_hal.c ****   @verbatim
  20:Drivers/STM32F0xx_HAL_Driver/Src/stm32f0xx_hal.c ****   ==============================================================================
  21:Drivers/STM32F0xx_HAL_Driver/Src/stm32f0xx_hal.c ****                      ##### How to use this driver #####
  22:Drivers/STM32F0xx_HAL_Driver/Src/stm32f0xx_hal.c ****   ==============================================================================
  23:Drivers/STM32F0xx_HAL_Driver/Src/stm32f0xx_hal.c ****     [..]
  24:Drivers/STM32F0xx_HAL_Driver/Src/stm32f0xx_hal.c ****     The common HAL driver contains a set of generic and common APIs that can be
  25:Drivers/STM32F0xx_HAL_Driver/Src/stm32f0xx_hal.c ****     used by the PPP peripheral drivers and the user to start using the HAL. 
  26:Drivers/STM32F0xx_HAL_Driver/Src/stm32f0xx_hal.c ****     [..]
  27:Drivers/STM32F0xx_HAL_Driver/Src/stm32f0xx_hal.c ****     The HAL contains two APIs categories:
  28:Drivers/STM32F0xx_HAL_Driver/Src/stm32f0xx_hal.c ****          (+) HAL Initialization and de-initialization functions
  29:Drivers/STM32F0xx_HAL_Driver/Src/stm32f0xx_hal.c ****          (+) HAL Control functions
  30:Drivers/STM32F0xx_HAL_Driver/Src/stm32f0xx_hal.c **** 
  31:Drivers/STM32F0xx_HAL_Driver/Src/stm32f0xx_hal.c ****   @endverbatim
  32:Drivers/STM32F0xx_HAL_Driver/Src/stm32f0xx_hal.c ****   ******************************************************************************
ARM GAS  C:\msys64\tmp\ccX5t6eg.s 			page 2


  33:Drivers/STM32F0xx_HAL_Driver/Src/stm32f0xx_hal.c ****   */
  34:Drivers/STM32F0xx_HAL_Driver/Src/stm32f0xx_hal.c **** 
  35:Drivers/STM32F0xx_HAL_Driver/Src/stm32f0xx_hal.c **** /* Includes ------------------------------------------------------------------*/
  36:Drivers/STM32F0xx_HAL_Driver/Src/stm32f0xx_hal.c **** #include "stm32f0xx_hal.h"
  37:Drivers/STM32F0xx_HAL_Driver/Src/stm32f0xx_hal.c **** 
  38:Drivers/STM32F0xx_HAL_Driver/Src/stm32f0xx_hal.c **** /** @addtogroup STM32F0xx_HAL_Driver
  39:Drivers/STM32F0xx_HAL_Driver/Src/stm32f0xx_hal.c ****   * @{
  40:Drivers/STM32F0xx_HAL_Driver/Src/stm32f0xx_hal.c ****   */
  41:Drivers/STM32F0xx_HAL_Driver/Src/stm32f0xx_hal.c **** 
  42:Drivers/STM32F0xx_HAL_Driver/Src/stm32f0xx_hal.c **** /** @defgroup HAL HAL
  43:Drivers/STM32F0xx_HAL_Driver/Src/stm32f0xx_hal.c ****   * @brief HAL module driver.
  44:Drivers/STM32F0xx_HAL_Driver/Src/stm32f0xx_hal.c ****   * @{
  45:Drivers/STM32F0xx_HAL_Driver/Src/stm32f0xx_hal.c ****   */
  46:Drivers/STM32F0xx_HAL_Driver/Src/stm32f0xx_hal.c **** 
  47:Drivers/STM32F0xx_HAL_Driver/Src/stm32f0xx_hal.c **** #ifdef HAL_MODULE_ENABLED
  48:Drivers/STM32F0xx_HAL_Driver/Src/stm32f0xx_hal.c **** 
  49:Drivers/STM32F0xx_HAL_Driver/Src/stm32f0xx_hal.c **** /* Private typedef -----------------------------------------------------------*/
  50:Drivers/STM32F0xx_HAL_Driver/Src/stm32f0xx_hal.c **** /* Private define ------------------------------------------------------------*/
  51:Drivers/STM32F0xx_HAL_Driver/Src/stm32f0xx_hal.c **** /** @defgroup HAL_Private_Constants HAL Private Constants
  52:Drivers/STM32F0xx_HAL_Driver/Src/stm32f0xx_hal.c ****   * @{
  53:Drivers/STM32F0xx_HAL_Driver/Src/stm32f0xx_hal.c ****   */
  54:Drivers/STM32F0xx_HAL_Driver/Src/stm32f0xx_hal.c **** /** 
  55:Drivers/STM32F0xx_HAL_Driver/Src/stm32f0xx_hal.c ****   * @brief STM32F0xx HAL Driver version number
  56:Drivers/STM32F0xx_HAL_Driver/Src/stm32f0xx_hal.c ****   */
  57:Drivers/STM32F0xx_HAL_Driver/Src/stm32f0xx_hal.c **** #define __STM32F0xx_HAL_VERSION_MAIN   (0x01U) /*!< [31:24] main version */
  58:Drivers/STM32F0xx_HAL_Driver/Src/stm32f0xx_hal.c **** #define __STM32F0xx_HAL_VERSION_SUB1   (0x07U) /*!< [23:16] sub1 version */
  59:Drivers/STM32F0xx_HAL_Driver/Src/stm32f0xx_hal.c **** #define __STM32F0xx_HAL_VERSION_SUB2   (0x08U) /*!< [15:8]  sub2 version */
  60:Drivers/STM32F0xx_HAL_Driver/Src/stm32f0xx_hal.c **** #define __STM32F0xx_HAL_VERSION_RC     (0x00U) /*!< [7:0]  release candidate */ 
  61:Drivers/STM32F0xx_HAL_Driver/Src/stm32f0xx_hal.c **** #define __STM32F0xx_HAL_VERSION         ((__STM32F0xx_HAL_VERSION_MAIN << 24U)\
  62:Drivers/STM32F0xx_HAL_Driver/Src/stm32f0xx_hal.c ****                                         |(__STM32F0xx_HAL_VERSION_SUB1 << 16U)\
  63:Drivers/STM32F0xx_HAL_Driver/Src/stm32f0xx_hal.c ****                                         |(__STM32F0xx_HAL_VERSION_SUB2 << 8U )\
  64:Drivers/STM32F0xx_HAL_Driver/Src/stm32f0xx_hal.c ****                                         |(__STM32F0xx_HAL_VERSION_RC))
  65:Drivers/STM32F0xx_HAL_Driver/Src/stm32f0xx_hal.c **** 
  66:Drivers/STM32F0xx_HAL_Driver/Src/stm32f0xx_hal.c **** #define IDCODE_DEVID_MASK    (0x00000FFFU)
  67:Drivers/STM32F0xx_HAL_Driver/Src/stm32f0xx_hal.c **** /**
  68:Drivers/STM32F0xx_HAL_Driver/Src/stm32f0xx_hal.c ****   * @}
  69:Drivers/STM32F0xx_HAL_Driver/Src/stm32f0xx_hal.c ****   */
  70:Drivers/STM32F0xx_HAL_Driver/Src/stm32f0xx_hal.c **** 
  71:Drivers/STM32F0xx_HAL_Driver/Src/stm32f0xx_hal.c **** /* Private macro -------------------------------------------------------------*/
  72:Drivers/STM32F0xx_HAL_Driver/Src/stm32f0xx_hal.c **** /** @defgroup HAL_Private_Macros HAL Private Macros
  73:Drivers/STM32F0xx_HAL_Driver/Src/stm32f0xx_hal.c ****   * @{
  74:Drivers/STM32F0xx_HAL_Driver/Src/stm32f0xx_hal.c ****   */
  75:Drivers/STM32F0xx_HAL_Driver/Src/stm32f0xx_hal.c **** /**
  76:Drivers/STM32F0xx_HAL_Driver/Src/stm32f0xx_hal.c ****   * @}
  77:Drivers/STM32F0xx_HAL_Driver/Src/stm32f0xx_hal.c ****   */
  78:Drivers/STM32F0xx_HAL_Driver/Src/stm32f0xx_hal.c **** 
  79:Drivers/STM32F0xx_HAL_Driver/Src/stm32f0xx_hal.c **** /* Exported variables ---------------------------------------------------------*/
  80:Drivers/STM32F0xx_HAL_Driver/Src/stm32f0xx_hal.c **** /** @defgroup HAL_Private_Variables HAL Exported Variables
  81:Drivers/STM32F0xx_HAL_Driver/Src/stm32f0xx_hal.c ****   * @{
  82:Drivers/STM32F0xx_HAL_Driver/Src/stm32f0xx_hal.c ****   */
  83:Drivers/STM32F0xx_HAL_Driver/Src/stm32f0xx_hal.c **** __IO uint32_t uwTick;
  84:Drivers/STM32F0xx_HAL_Driver/Src/stm32f0xx_hal.c **** uint32_t uwTickPrio   = (1UL << __NVIC_PRIO_BITS); /* Invalid PRIO */
  85:Drivers/STM32F0xx_HAL_Driver/Src/stm32f0xx_hal.c **** HAL_TickFreqTypeDef uwTickFreq = HAL_TICK_FREQ_DEFAULT;  /* 1KHz */
  86:Drivers/STM32F0xx_HAL_Driver/Src/stm32f0xx_hal.c **** /**
  87:Drivers/STM32F0xx_HAL_Driver/Src/stm32f0xx_hal.c ****   * @}
  88:Drivers/STM32F0xx_HAL_Driver/Src/stm32f0xx_hal.c ****   */
  89:Drivers/STM32F0xx_HAL_Driver/Src/stm32f0xx_hal.c **** /* Private function prototypes -----------------------------------------------*/
ARM GAS  C:\msys64\tmp\ccX5t6eg.s 			page 3


  90:Drivers/STM32F0xx_HAL_Driver/Src/stm32f0xx_hal.c **** /* Exported functions ---------------------------------------------------------*/
  91:Drivers/STM32F0xx_HAL_Driver/Src/stm32f0xx_hal.c **** 
  92:Drivers/STM32F0xx_HAL_Driver/Src/stm32f0xx_hal.c **** /** @defgroup HAL_Exported_Functions HAL Exported Functions
  93:Drivers/STM32F0xx_HAL_Driver/Src/stm32f0xx_hal.c ****   * @{
  94:Drivers/STM32F0xx_HAL_Driver/Src/stm32f0xx_hal.c ****   */
  95:Drivers/STM32F0xx_HAL_Driver/Src/stm32f0xx_hal.c **** 
  96:Drivers/STM32F0xx_HAL_Driver/Src/stm32f0xx_hal.c **** /** @defgroup HAL_Exported_Functions_Group1 Initialization and de-initialization Functions 
  97:Drivers/STM32F0xx_HAL_Driver/Src/stm32f0xx_hal.c ****   * @brief    Initialization and de-initialization functions
  98:Drivers/STM32F0xx_HAL_Driver/Src/stm32f0xx_hal.c ****   *
  99:Drivers/STM32F0xx_HAL_Driver/Src/stm32f0xx_hal.c **** @verbatim
 100:Drivers/STM32F0xx_HAL_Driver/Src/stm32f0xx_hal.c ****  ===============================================================================
 101:Drivers/STM32F0xx_HAL_Driver/Src/stm32f0xx_hal.c ****               ##### Initialization and de-initialization functions #####
 102:Drivers/STM32F0xx_HAL_Driver/Src/stm32f0xx_hal.c ****  ===============================================================================
 103:Drivers/STM32F0xx_HAL_Driver/Src/stm32f0xx_hal.c ****    [..]  This section provides functions allowing to:
 104:Drivers/STM32F0xx_HAL_Driver/Src/stm32f0xx_hal.c ****       (+) Initializes the Flash interface, the NVIC allocation and initial clock 
 105:Drivers/STM32F0xx_HAL_Driver/Src/stm32f0xx_hal.c ****           configuration. It initializes the systick also when timeout is needed
 106:Drivers/STM32F0xx_HAL_Driver/Src/stm32f0xx_hal.c ****           and the backup domain when enabled.
 107:Drivers/STM32F0xx_HAL_Driver/Src/stm32f0xx_hal.c ****       (+) de-Initializes common part of the HAL.
 108:Drivers/STM32F0xx_HAL_Driver/Src/stm32f0xx_hal.c ****       (+) Configure The time base source to have 1ms time base with a dedicated
 109:Drivers/STM32F0xx_HAL_Driver/Src/stm32f0xx_hal.c ****           Tick interrupt priority.
 110:Drivers/STM32F0xx_HAL_Driver/Src/stm32f0xx_hal.c ****         (++) SysTick timer is used by default as source of time base, but user
 111:Drivers/STM32F0xx_HAL_Driver/Src/stm32f0xx_hal.c ****              can eventually implement his proper time base source (a general purpose 
 112:Drivers/STM32F0xx_HAL_Driver/Src/stm32f0xx_hal.c ****              timer for example or other time source), keeping in mind that Time base 
 113:Drivers/STM32F0xx_HAL_Driver/Src/stm32f0xx_hal.c ****              duration should be kept 1ms since PPP_TIMEOUT_VALUEs are defined and 
 114:Drivers/STM32F0xx_HAL_Driver/Src/stm32f0xx_hal.c ****              handled in milliseconds basis.
 115:Drivers/STM32F0xx_HAL_Driver/Src/stm32f0xx_hal.c ****         (++) Time base configuration function (HAL_InitTick ()) is called automatically 
 116:Drivers/STM32F0xx_HAL_Driver/Src/stm32f0xx_hal.c ****              at the beginning of the program after reset by HAL_Init() or at any time 
 117:Drivers/STM32F0xx_HAL_Driver/Src/stm32f0xx_hal.c ****              when clock is configured, by HAL_RCC_ClockConfig(). 
 118:Drivers/STM32F0xx_HAL_Driver/Src/stm32f0xx_hal.c ****         (++) Source of time base is configured  to generate interrupts at regular 
 119:Drivers/STM32F0xx_HAL_Driver/Src/stm32f0xx_hal.c ****              time intervals. Care must be taken if HAL_Delay() is called from a 
 120:Drivers/STM32F0xx_HAL_Driver/Src/stm32f0xx_hal.c ****              peripheral ISR process, the Tick interrupt line must have higher priority 
 121:Drivers/STM32F0xx_HAL_Driver/Src/stm32f0xx_hal.c ****             (numerically lower) than the peripheral interrupt. Otherwise the caller 
 122:Drivers/STM32F0xx_HAL_Driver/Src/stm32f0xx_hal.c ****             ISR process will be blocked. 
 123:Drivers/STM32F0xx_HAL_Driver/Src/stm32f0xx_hal.c ****        (++) functions affecting time base configurations are declared as __Weak  
 124:Drivers/STM32F0xx_HAL_Driver/Src/stm32f0xx_hal.c ****              to make  override possible  in case of other  implementations in user file.
 125:Drivers/STM32F0xx_HAL_Driver/Src/stm32f0xx_hal.c ****  
 126:Drivers/STM32F0xx_HAL_Driver/Src/stm32f0xx_hal.c **** @endverbatim
 127:Drivers/STM32F0xx_HAL_Driver/Src/stm32f0xx_hal.c ****   * @{
 128:Drivers/STM32F0xx_HAL_Driver/Src/stm32f0xx_hal.c ****   */
 129:Drivers/STM32F0xx_HAL_Driver/Src/stm32f0xx_hal.c **** 
 130:Drivers/STM32F0xx_HAL_Driver/Src/stm32f0xx_hal.c **** /**
 131:Drivers/STM32F0xx_HAL_Driver/Src/stm32f0xx_hal.c ****   * @brief  This function configures the Flash prefetch,
 132:Drivers/STM32F0xx_HAL_Driver/Src/stm32f0xx_hal.c ****   *        Configures time base source, NVIC and Low level hardware
 133:Drivers/STM32F0xx_HAL_Driver/Src/stm32f0xx_hal.c ****   * @note This function is called at the beginning of program after reset and before 
 134:Drivers/STM32F0xx_HAL_Driver/Src/stm32f0xx_hal.c ****   *       the clock configuration
 135:Drivers/STM32F0xx_HAL_Driver/Src/stm32f0xx_hal.c ****   * @note The time base configuration is based on HSI clock when exiting from Reset.
 136:Drivers/STM32F0xx_HAL_Driver/Src/stm32f0xx_hal.c ****   *       Once done, time base tick start incrementing.
 137:Drivers/STM32F0xx_HAL_Driver/Src/stm32f0xx_hal.c ****   *       In the default implementation,Systick is used as source of time base.
 138:Drivers/STM32F0xx_HAL_Driver/Src/stm32f0xx_hal.c ****   *       The tick variable is incremented each 1ms in its ISR.
 139:Drivers/STM32F0xx_HAL_Driver/Src/stm32f0xx_hal.c ****   * @retval HAL status
 140:Drivers/STM32F0xx_HAL_Driver/Src/stm32f0xx_hal.c ****   */
 141:Drivers/STM32F0xx_HAL_Driver/Src/stm32f0xx_hal.c **** HAL_StatusTypeDef HAL_Init(void)
 142:Drivers/STM32F0xx_HAL_Driver/Src/stm32f0xx_hal.c **** {
 143:Drivers/STM32F0xx_HAL_Driver/Src/stm32f0xx_hal.c ****   /* Configure Flash prefetch */ 
 144:Drivers/STM32F0xx_HAL_Driver/Src/stm32f0xx_hal.c **** #if (PREFETCH_ENABLE != 0)
 145:Drivers/STM32F0xx_HAL_Driver/Src/stm32f0xx_hal.c ****   __HAL_FLASH_PREFETCH_BUFFER_ENABLE();
 146:Drivers/STM32F0xx_HAL_Driver/Src/stm32f0xx_hal.c **** #endif /* PREFETCH_ENABLE */
ARM GAS  C:\msys64\tmp\ccX5t6eg.s 			page 4


 147:Drivers/STM32F0xx_HAL_Driver/Src/stm32f0xx_hal.c **** 
 148:Drivers/STM32F0xx_HAL_Driver/Src/stm32f0xx_hal.c ****   /* Use systick as time base source and configure 1ms tick (default clock after Reset is HSI) */
 149:Drivers/STM32F0xx_HAL_Driver/Src/stm32f0xx_hal.c **** 
 150:Drivers/STM32F0xx_HAL_Driver/Src/stm32f0xx_hal.c ****   HAL_InitTick(TICK_INT_PRIORITY);
 151:Drivers/STM32F0xx_HAL_Driver/Src/stm32f0xx_hal.c **** 
 152:Drivers/STM32F0xx_HAL_Driver/Src/stm32f0xx_hal.c ****   /* Init the low level hardware */
 153:Drivers/STM32F0xx_HAL_Driver/Src/stm32f0xx_hal.c ****   HAL_MspInit();
 154:Drivers/STM32F0xx_HAL_Driver/Src/stm32f0xx_hal.c **** 
 155:Drivers/STM32F0xx_HAL_Driver/Src/stm32f0xx_hal.c ****   /* Return function status */
 156:Drivers/STM32F0xx_HAL_Driver/Src/stm32f0xx_hal.c ****   return HAL_OK;
 157:Drivers/STM32F0xx_HAL_Driver/Src/stm32f0xx_hal.c **** }
 158:Drivers/STM32F0xx_HAL_Driver/Src/stm32f0xx_hal.c **** 
 159:Drivers/STM32F0xx_HAL_Driver/Src/stm32f0xx_hal.c **** /**
 160:Drivers/STM32F0xx_HAL_Driver/Src/stm32f0xx_hal.c ****   * @brief This function de-Initialize common part of the HAL and stops the SysTick
 161:Drivers/STM32F0xx_HAL_Driver/Src/stm32f0xx_hal.c ****   *        of time base.
 162:Drivers/STM32F0xx_HAL_Driver/Src/stm32f0xx_hal.c ****   * @note This function is optional.
 163:Drivers/STM32F0xx_HAL_Driver/Src/stm32f0xx_hal.c ****   * @retval HAL status
 164:Drivers/STM32F0xx_HAL_Driver/Src/stm32f0xx_hal.c ****   */
 165:Drivers/STM32F0xx_HAL_Driver/Src/stm32f0xx_hal.c **** HAL_StatusTypeDef HAL_DeInit(void)
 166:Drivers/STM32F0xx_HAL_Driver/Src/stm32f0xx_hal.c **** {
 167:Drivers/STM32F0xx_HAL_Driver/Src/stm32f0xx_hal.c ****   /* Reset of all peripherals */
 168:Drivers/STM32F0xx_HAL_Driver/Src/stm32f0xx_hal.c ****   __HAL_RCC_APB1_FORCE_RESET();
 169:Drivers/STM32F0xx_HAL_Driver/Src/stm32f0xx_hal.c ****   __HAL_RCC_APB1_RELEASE_RESET();
 170:Drivers/STM32F0xx_HAL_Driver/Src/stm32f0xx_hal.c **** 
 171:Drivers/STM32F0xx_HAL_Driver/Src/stm32f0xx_hal.c ****   __HAL_RCC_APB2_FORCE_RESET();
 172:Drivers/STM32F0xx_HAL_Driver/Src/stm32f0xx_hal.c ****   __HAL_RCC_APB2_RELEASE_RESET();
 173:Drivers/STM32F0xx_HAL_Driver/Src/stm32f0xx_hal.c **** 
 174:Drivers/STM32F0xx_HAL_Driver/Src/stm32f0xx_hal.c ****   __HAL_RCC_AHB_FORCE_RESET();
 175:Drivers/STM32F0xx_HAL_Driver/Src/stm32f0xx_hal.c ****   __HAL_RCC_AHB_RELEASE_RESET();
 176:Drivers/STM32F0xx_HAL_Driver/Src/stm32f0xx_hal.c **** 
 177:Drivers/STM32F0xx_HAL_Driver/Src/stm32f0xx_hal.c ****   /* De-Init the low level hardware */
 178:Drivers/STM32F0xx_HAL_Driver/Src/stm32f0xx_hal.c ****   HAL_MspDeInit();
 179:Drivers/STM32F0xx_HAL_Driver/Src/stm32f0xx_hal.c ****     
 180:Drivers/STM32F0xx_HAL_Driver/Src/stm32f0xx_hal.c ****   /* Return function status */
 181:Drivers/STM32F0xx_HAL_Driver/Src/stm32f0xx_hal.c ****   return HAL_OK;
 182:Drivers/STM32F0xx_HAL_Driver/Src/stm32f0xx_hal.c **** }
 183:Drivers/STM32F0xx_HAL_Driver/Src/stm32f0xx_hal.c **** 
 184:Drivers/STM32F0xx_HAL_Driver/Src/stm32f0xx_hal.c **** /**
 185:Drivers/STM32F0xx_HAL_Driver/Src/stm32f0xx_hal.c ****   * @brief  Initialize the MSP.
 186:Drivers/STM32F0xx_HAL_Driver/Src/stm32f0xx_hal.c ****   * @retval None
 187:Drivers/STM32F0xx_HAL_Driver/Src/stm32f0xx_hal.c ****   */
 188:Drivers/STM32F0xx_HAL_Driver/Src/stm32f0xx_hal.c **** __weak void HAL_MspInit(void)
 189:Drivers/STM32F0xx_HAL_Driver/Src/stm32f0xx_hal.c **** {
  27              		.loc 1 189 1 view -0
  28              		.cfi_startproc
  29              		@ args = 0, pretend = 0, frame = 0
  30              		@ frame_needed = 0, uses_anonymous_args = 0
  31              		@ link register save eliminated.
 190:Drivers/STM32F0xx_HAL_Driver/Src/stm32f0xx_hal.c ****   /* NOTE : This function should not be modified, when the callback is needed,
 191:Drivers/STM32F0xx_HAL_Driver/Src/stm32f0xx_hal.c ****             the HAL_MspInit could be implemented in the user file
 192:Drivers/STM32F0xx_HAL_Driver/Src/stm32f0xx_hal.c ****    */
 193:Drivers/STM32F0xx_HAL_Driver/Src/stm32f0xx_hal.c **** }
  32              		.loc 1 193 1 view .LVU1
  33              		@ sp needed
  34 0000 7047     		bx	lr
  35              		.cfi_endproc
  36              	.LFE42:
ARM GAS  C:\msys64\tmp\ccX5t6eg.s 			page 5


  38              		.section	.text.HAL_MspDeInit,"ax",%progbits
  39              		.align	1
  40              		.weak	HAL_MspDeInit
  41              		.syntax unified
  42              		.code	16
  43              		.thumb_func
  45              	HAL_MspDeInit:
  46              	.LFB43:
 194:Drivers/STM32F0xx_HAL_Driver/Src/stm32f0xx_hal.c **** 
 195:Drivers/STM32F0xx_HAL_Driver/Src/stm32f0xx_hal.c **** /**
 196:Drivers/STM32F0xx_HAL_Driver/Src/stm32f0xx_hal.c ****   * @brief  DeInitializes the MSP.
 197:Drivers/STM32F0xx_HAL_Driver/Src/stm32f0xx_hal.c ****   * @retval None
 198:Drivers/STM32F0xx_HAL_Driver/Src/stm32f0xx_hal.c ****   */
 199:Drivers/STM32F0xx_HAL_Driver/Src/stm32f0xx_hal.c **** __weak void HAL_MspDeInit(void)
 200:Drivers/STM32F0xx_HAL_Driver/Src/stm32f0xx_hal.c **** {
  47              		.loc 1 200 1 view -0
  48              		.cfi_startproc
  49              		@ args = 0, pretend = 0, frame = 0
  50              		@ frame_needed = 0, uses_anonymous_args = 0
  51              		@ link register save eliminated.
 201:Drivers/STM32F0xx_HAL_Driver/Src/stm32f0xx_hal.c ****   /* NOTE : This function should not be modified, when the callback is needed,
 202:Drivers/STM32F0xx_HAL_Driver/Src/stm32f0xx_hal.c ****             the HAL_MspDeInit could be implemented in the user file
 203:Drivers/STM32F0xx_HAL_Driver/Src/stm32f0xx_hal.c ****    */
 204:Drivers/STM32F0xx_HAL_Driver/Src/stm32f0xx_hal.c **** }
  52              		.loc 1 204 1 view .LVU3
  53              		@ sp needed
  54 0000 7047     		bx	lr
  55              		.cfi_endproc
  56              	.LFE43:
  58              		.section	.text.HAL_DeInit,"ax",%progbits
  59              		.align	1
  60              		.global	HAL_DeInit
  61              		.syntax unified
  62              		.code	16
  63              		.thumb_func
  65              	HAL_DeInit:
  66              	.LFB41:
 166:Drivers/STM32F0xx_HAL_Driver/Src/stm32f0xx_hal.c ****   /* Reset of all peripherals */
  67              		.loc 1 166 1 view -0
  68              		.cfi_startproc
  69              		@ args = 0, pretend = 0, frame = 0
  70              		@ frame_needed = 0, uses_anonymous_args = 0
  71 0000 10B5     		push	{r4, lr}
  72              	.LCFI0:
  73              		.cfi_def_cfa_offset 8
  74              		.cfi_offset 4, -8
  75              		.cfi_offset 14, -4
 168:Drivers/STM32F0xx_HAL_Driver/Src/stm32f0xx_hal.c ****   __HAL_RCC_APB1_RELEASE_RESET();
  76              		.loc 1 168 3 view .LVU5
  77 0002 074B     		ldr	r3, .L4
  78 0004 0121     		movs	r1, #1
  79 0006 4942     		rsbs	r1, r1, #0
  80 0008 1961     		str	r1, [r3, #16]
 169:Drivers/STM32F0xx_HAL_Driver/Src/stm32f0xx_hal.c **** 
  81              		.loc 1 169 3 view .LVU6
  82 000a 0022     		movs	r2, #0
  83 000c 1A61     		str	r2, [r3, #16]
ARM GAS  C:\msys64\tmp\ccX5t6eg.s 			page 6


 171:Drivers/STM32F0xx_HAL_Driver/Src/stm32f0xx_hal.c ****   __HAL_RCC_APB2_RELEASE_RESET();
  84              		.loc 1 171 3 view .LVU7
  85 000e D960     		str	r1, [r3, #12]
 172:Drivers/STM32F0xx_HAL_Driver/Src/stm32f0xx_hal.c **** 
  86              		.loc 1 172 3 view .LVU8
  87 0010 DA60     		str	r2, [r3, #12]
 174:Drivers/STM32F0xx_HAL_Driver/Src/stm32f0xx_hal.c ****   __HAL_RCC_AHB_RELEASE_RESET();
  88              		.loc 1 174 3 view .LVU9
  89 0012 9962     		str	r1, [r3, #40]
 175:Drivers/STM32F0xx_HAL_Driver/Src/stm32f0xx_hal.c **** 
  90              		.loc 1 175 3 view .LVU10
  91 0014 9A62     		str	r2, [r3, #40]
 178:Drivers/STM32F0xx_HAL_Driver/Src/stm32f0xx_hal.c ****     
  92              		.loc 1 178 3 view .LVU11
  93 0016 FFF7FEFF 		bl	HAL_MspDeInit
  94              	.LVL0:
 181:Drivers/STM32F0xx_HAL_Driver/Src/stm32f0xx_hal.c **** }
  95              		.loc 1 181 3 view .LVU12
 182:Drivers/STM32F0xx_HAL_Driver/Src/stm32f0xx_hal.c **** 
  96              		.loc 1 182 1 is_stmt 0 view .LVU13
  97 001a 0020     		movs	r0, #0
  98              		@ sp needed
  99 001c 10BD     		pop	{r4, pc}
 100              	.L5:
 101 001e C046     		.align	2
 102              	.L4:
 103 0020 00100240 		.word	1073876992
 104              		.cfi_endproc
 105              	.LFE41:
 107              		.section	.text.HAL_InitTick,"ax",%progbits
 108              		.align	1
 109              		.weak	HAL_InitTick
 110              		.syntax unified
 111              		.code	16
 112              		.thumb_func
 114              	HAL_InitTick:
 115              	.LVL1:
 116              	.LFB44:
 205:Drivers/STM32F0xx_HAL_Driver/Src/stm32f0xx_hal.c **** 
 206:Drivers/STM32F0xx_HAL_Driver/Src/stm32f0xx_hal.c **** /**
 207:Drivers/STM32F0xx_HAL_Driver/Src/stm32f0xx_hal.c ****   * @brief This function configures the source of the time base. 
 208:Drivers/STM32F0xx_HAL_Driver/Src/stm32f0xx_hal.c ****   *        The time source is configured  to have 1ms time base with a dedicated 
 209:Drivers/STM32F0xx_HAL_Driver/Src/stm32f0xx_hal.c ****   *        Tick interrupt priority.
 210:Drivers/STM32F0xx_HAL_Driver/Src/stm32f0xx_hal.c ****   * @note This function is called  automatically at the beginning of program after
 211:Drivers/STM32F0xx_HAL_Driver/Src/stm32f0xx_hal.c ****   *       reset by HAL_Init() or at any time when clock is reconfigured  by HAL_RCC_ClockConfig(). 
 212:Drivers/STM32F0xx_HAL_Driver/Src/stm32f0xx_hal.c ****   * @note In the default implementation, SysTick timer is the source of time base. 
 213:Drivers/STM32F0xx_HAL_Driver/Src/stm32f0xx_hal.c ****   *       It is used to generate interrupts at regular time intervals. 
 214:Drivers/STM32F0xx_HAL_Driver/Src/stm32f0xx_hal.c ****   *       Care must be taken if HAL_Delay() is called from a peripheral ISR process, 
 215:Drivers/STM32F0xx_HAL_Driver/Src/stm32f0xx_hal.c ****   *       The SysTick interrupt must have higher priority (numerically lower) 
 216:Drivers/STM32F0xx_HAL_Driver/Src/stm32f0xx_hal.c ****   *       than the peripheral interrupt. Otherwise the caller ISR process will be blocked.
 217:Drivers/STM32F0xx_HAL_Driver/Src/stm32f0xx_hal.c ****   *       The function is declared as __Weak  to be overwritten  in case of other
 218:Drivers/STM32F0xx_HAL_Driver/Src/stm32f0xx_hal.c ****   *       implementation  in user file.
 219:Drivers/STM32F0xx_HAL_Driver/Src/stm32f0xx_hal.c ****   * @param TickPriority Tick interrupt priority.
 220:Drivers/STM32F0xx_HAL_Driver/Src/stm32f0xx_hal.c ****   * @retval HAL status
 221:Drivers/STM32F0xx_HAL_Driver/Src/stm32f0xx_hal.c ****   */
 222:Drivers/STM32F0xx_HAL_Driver/Src/stm32f0xx_hal.c **** __weak HAL_StatusTypeDef HAL_InitTick(uint32_t TickPriority)
 223:Drivers/STM32F0xx_HAL_Driver/Src/stm32f0xx_hal.c **** {
ARM GAS  C:\msys64\tmp\ccX5t6eg.s 			page 7


 117              		.loc 1 223 1 is_stmt 1 view -0
 118              		.cfi_startproc
 119              		@ args = 0, pretend = 0, frame = 0
 120              		@ frame_needed = 0, uses_anonymous_args = 0
 121              		.loc 1 223 1 is_stmt 0 view .LVU15
 122 0000 70B5     		push	{r4, r5, r6, lr}
 123              	.LCFI1:
 124              		.cfi_def_cfa_offset 16
 125              		.cfi_offset 4, -16
 126              		.cfi_offset 5, -12
 127              		.cfi_offset 6, -8
 128              		.cfi_offset 14, -4
 129 0002 0500     		movs	r5, r0
 224:Drivers/STM32F0xx_HAL_Driver/Src/stm32f0xx_hal.c ****   /*Configure the SysTick to have interrupt in 1ms time basis*/
 225:Drivers/STM32F0xx_HAL_Driver/Src/stm32f0xx_hal.c ****   if (HAL_SYSTICK_Config(SystemCoreClock / (1000U / uwTickFreq)) > 0U)
 130              		.loc 1 225 3 is_stmt 1 view .LVU16
 131              		.loc 1 225 7 is_stmt 0 view .LVU17
 132 0004 0E4B     		ldr	r3, .L11
 133 0006 1C68     		ldr	r4, [r3]
 134              		.loc 1 225 51 view .LVU18
 135 0008 0E4B     		ldr	r3, .L11+4
 136 000a 1978     		ldrb	r1, [r3]
 137 000c FA20     		movs	r0, #250
 138              	.LVL2:
 139              		.loc 1 225 51 view .LVU19
 140 000e 8000     		lsls	r0, r0, #2
 141 0010 FFF7FEFF 		bl	__aeabi_uidiv
 142              	.LVL3:
 143 0014 0100     		movs	r1, r0
 144              		.loc 1 225 42 view .LVU20
 145 0016 2000     		movs	r0, r4
 146 0018 FFF7FEFF 		bl	__aeabi_uidiv
 147              	.LVL4:
 148              		.loc 1 225 7 view .LVU21
 149 001c FFF7FEFF 		bl	HAL_SYSTICK_Config
 150              	.LVL5:
 151              		.loc 1 225 6 discriminator 1 view .LVU22
 152 0020 0028     		cmp	r0, #0
 153 0022 01D1     		bne	.L9
 226:Drivers/STM32F0xx_HAL_Driver/Src/stm32f0xx_hal.c ****   {
 227:Drivers/STM32F0xx_HAL_Driver/Src/stm32f0xx_hal.c ****     return HAL_ERROR;
 228:Drivers/STM32F0xx_HAL_Driver/Src/stm32f0xx_hal.c ****   }
 229:Drivers/STM32F0xx_HAL_Driver/Src/stm32f0xx_hal.c **** 
 230:Drivers/STM32F0xx_HAL_Driver/Src/stm32f0xx_hal.c ****   /* Configure the SysTick IRQ priority */
 231:Drivers/STM32F0xx_HAL_Driver/Src/stm32f0xx_hal.c ****   if (TickPriority < (1UL << __NVIC_PRIO_BITS))
 154              		.loc 1 231 3 is_stmt 1 view .LVU23
 155              		.loc 1 231 6 is_stmt 0 view .LVU24
 156 0024 032D     		cmp	r5, #3
 157 0026 01D9     		bls	.L10
 158              	.L9:
 227:Drivers/STM32F0xx_HAL_Driver/Src/stm32f0xx_hal.c ****   }
 159              		.loc 1 227 12 view .LVU25
 160 0028 0120     		movs	r0, #1
 161              	.L8:
 232:Drivers/STM32F0xx_HAL_Driver/Src/stm32f0xx_hal.c ****   {
 233:Drivers/STM32F0xx_HAL_Driver/Src/stm32f0xx_hal.c ****     HAL_NVIC_SetPriority(SysTick_IRQn, TickPriority, 0U);
 234:Drivers/STM32F0xx_HAL_Driver/Src/stm32f0xx_hal.c ****     uwTickPrio = TickPriority;
ARM GAS  C:\msys64\tmp\ccX5t6eg.s 			page 8


 235:Drivers/STM32F0xx_HAL_Driver/Src/stm32f0xx_hal.c ****   }
 236:Drivers/STM32F0xx_HAL_Driver/Src/stm32f0xx_hal.c ****   else
 237:Drivers/STM32F0xx_HAL_Driver/Src/stm32f0xx_hal.c ****   {
 238:Drivers/STM32F0xx_HAL_Driver/Src/stm32f0xx_hal.c ****     return HAL_ERROR;
 239:Drivers/STM32F0xx_HAL_Driver/Src/stm32f0xx_hal.c ****   }
 240:Drivers/STM32F0xx_HAL_Driver/Src/stm32f0xx_hal.c **** 
 241:Drivers/STM32F0xx_HAL_Driver/Src/stm32f0xx_hal.c ****    /* Return function status */
 242:Drivers/STM32F0xx_HAL_Driver/Src/stm32f0xx_hal.c ****   return HAL_OK;
 243:Drivers/STM32F0xx_HAL_Driver/Src/stm32f0xx_hal.c **** }
 162              		.loc 1 243 1 view .LVU26
 163              		@ sp needed
 164              	.LVL6:
 165              		.loc 1 243 1 view .LVU27
 166 002a 70BD     		pop	{r4, r5, r6, pc}
 167              	.LVL7:
 168              	.L10:
 233:Drivers/STM32F0xx_HAL_Driver/Src/stm32f0xx_hal.c ****     uwTickPrio = TickPriority;
 169              		.loc 1 233 5 is_stmt 1 view .LVU28
 170 002c 0120     		movs	r0, #1
 171 002e 0022     		movs	r2, #0
 172 0030 2900     		movs	r1, r5
 173 0032 4042     		rsbs	r0, r0, #0
 174 0034 FFF7FEFF 		bl	HAL_NVIC_SetPriority
 175              	.LVL8:
 234:Drivers/STM32F0xx_HAL_Driver/Src/stm32f0xx_hal.c ****   }
 176              		.loc 1 234 5 view .LVU29
 234:Drivers/STM32F0xx_HAL_Driver/Src/stm32f0xx_hal.c ****   }
 177              		.loc 1 234 16 is_stmt 0 view .LVU30
 178 0038 034B     		ldr	r3, .L11+8
 179 003a 1D60     		str	r5, [r3]
 242:Drivers/STM32F0xx_HAL_Driver/Src/stm32f0xx_hal.c **** }
 180              		.loc 1 242 3 is_stmt 1 view .LVU31
 242:Drivers/STM32F0xx_HAL_Driver/Src/stm32f0xx_hal.c **** }
 181              		.loc 1 242 10 is_stmt 0 view .LVU32
 182 003c 0020     		movs	r0, #0
 183 003e F4E7     		b	.L8
 184              	.L12:
 185              		.align	2
 186              	.L11:
 187 0040 00000000 		.word	SystemCoreClock
 188 0044 00000000 		.word	uwTickFreq
 189 0048 00000000 		.word	uwTickPrio
 190              		.cfi_endproc
 191              	.LFE44:
 193              		.section	.text.HAL_Init,"ax",%progbits
 194              		.align	1
 195              		.global	HAL_Init
 196              		.syntax unified
 197              		.code	16
 198              		.thumb_func
 200              	HAL_Init:
 201              	.LFB40:
 142:Drivers/STM32F0xx_HAL_Driver/Src/stm32f0xx_hal.c ****   /* Configure Flash prefetch */ 
 202              		.loc 1 142 1 is_stmt 1 view -0
 203              		.cfi_startproc
 204              		@ args = 0, pretend = 0, frame = 0
 205              		@ frame_needed = 0, uses_anonymous_args = 0
ARM GAS  C:\msys64\tmp\ccX5t6eg.s 			page 9


 206 0000 10B5     		push	{r4, lr}
 207              	.LCFI2:
 208              		.cfi_def_cfa_offset 8
 209              		.cfi_offset 4, -8
 210              		.cfi_offset 14, -4
 145:Drivers/STM32F0xx_HAL_Driver/Src/stm32f0xx_hal.c **** #endif /* PREFETCH_ENABLE */
 211              		.loc 1 145 3 view .LVU34
 212 0002 064A     		ldr	r2, .L14
 213 0004 1368     		ldr	r3, [r2]
 214 0006 1021     		movs	r1, #16
 215 0008 0B43     		orrs	r3, r1
 216 000a 1360     		str	r3, [r2]
 150:Drivers/STM32F0xx_HAL_Driver/Src/stm32f0xx_hal.c **** 
 217              		.loc 1 150 3 view .LVU35
 218 000c 0020     		movs	r0, #0
 219 000e FFF7FEFF 		bl	HAL_InitTick
 220              	.LVL9:
 153:Drivers/STM32F0xx_HAL_Driver/Src/stm32f0xx_hal.c **** 
 221              		.loc 1 153 3 view .LVU36
 222 0012 FFF7FEFF 		bl	HAL_MspInit
 223              	.LVL10:
 156:Drivers/STM32F0xx_HAL_Driver/Src/stm32f0xx_hal.c **** }
 224              		.loc 1 156 3 view .LVU37
 157:Drivers/STM32F0xx_HAL_Driver/Src/stm32f0xx_hal.c **** 
 225              		.loc 1 157 1 is_stmt 0 view .LVU38
 226 0016 0020     		movs	r0, #0
 227              		@ sp needed
 228 0018 10BD     		pop	{r4, pc}
 229              	.L15:
 230 001a C046     		.align	2
 231              	.L14:
 232 001c 00200240 		.word	1073881088
 233              		.cfi_endproc
 234              	.LFE40:
 236              		.section	.text.HAL_IncTick,"ax",%progbits
 237              		.align	1
 238              		.weak	HAL_IncTick
 239              		.syntax unified
 240              		.code	16
 241              		.thumb_func
 243              	HAL_IncTick:
 244              	.LFB45:
 244:Drivers/STM32F0xx_HAL_Driver/Src/stm32f0xx_hal.c **** 
 245:Drivers/STM32F0xx_HAL_Driver/Src/stm32f0xx_hal.c **** /**
 246:Drivers/STM32F0xx_HAL_Driver/Src/stm32f0xx_hal.c ****   * @}
 247:Drivers/STM32F0xx_HAL_Driver/Src/stm32f0xx_hal.c ****   */
 248:Drivers/STM32F0xx_HAL_Driver/Src/stm32f0xx_hal.c **** 
 249:Drivers/STM32F0xx_HAL_Driver/Src/stm32f0xx_hal.c **** /** @defgroup HAL_Exported_Functions_Group2 HAL Control functions 
 250:Drivers/STM32F0xx_HAL_Driver/Src/stm32f0xx_hal.c ****   * @brief    HAL Control functions
 251:Drivers/STM32F0xx_HAL_Driver/Src/stm32f0xx_hal.c ****   *
 252:Drivers/STM32F0xx_HAL_Driver/Src/stm32f0xx_hal.c **** @verbatim
 253:Drivers/STM32F0xx_HAL_Driver/Src/stm32f0xx_hal.c ****  ===============================================================================
 254:Drivers/STM32F0xx_HAL_Driver/Src/stm32f0xx_hal.c ****                       ##### HAL Control functions #####
 255:Drivers/STM32F0xx_HAL_Driver/Src/stm32f0xx_hal.c ****  ===============================================================================
 256:Drivers/STM32F0xx_HAL_Driver/Src/stm32f0xx_hal.c ****     [..]  This section provides functions allowing to:
 257:Drivers/STM32F0xx_HAL_Driver/Src/stm32f0xx_hal.c ****       (+) Provide a tick value in millisecond
 258:Drivers/STM32F0xx_HAL_Driver/Src/stm32f0xx_hal.c ****       (+) Provide a blocking delay in millisecond
ARM GAS  C:\msys64\tmp\ccX5t6eg.s 			page 10


 259:Drivers/STM32F0xx_HAL_Driver/Src/stm32f0xx_hal.c ****       (+) Suspend the time base source interrupt
 260:Drivers/STM32F0xx_HAL_Driver/Src/stm32f0xx_hal.c ****       (+) Resume the time base source interrupt
 261:Drivers/STM32F0xx_HAL_Driver/Src/stm32f0xx_hal.c ****       (+) Get the HAL API driver version
 262:Drivers/STM32F0xx_HAL_Driver/Src/stm32f0xx_hal.c ****       (+) Get the device identifier
 263:Drivers/STM32F0xx_HAL_Driver/Src/stm32f0xx_hal.c ****       (+) Get the device revision identifier
 264:Drivers/STM32F0xx_HAL_Driver/Src/stm32f0xx_hal.c ****       (+) Enable/Disable Debug module during Sleep mode
 265:Drivers/STM32F0xx_HAL_Driver/Src/stm32f0xx_hal.c ****       (+) Enable/Disable Debug module during STOP mode
 266:Drivers/STM32F0xx_HAL_Driver/Src/stm32f0xx_hal.c ****       (+) Enable/Disable Debug module during STANDBY mode
 267:Drivers/STM32F0xx_HAL_Driver/Src/stm32f0xx_hal.c ****       
 268:Drivers/STM32F0xx_HAL_Driver/Src/stm32f0xx_hal.c **** @endverbatim
 269:Drivers/STM32F0xx_HAL_Driver/Src/stm32f0xx_hal.c ****   * @{
 270:Drivers/STM32F0xx_HAL_Driver/Src/stm32f0xx_hal.c ****   */
 271:Drivers/STM32F0xx_HAL_Driver/Src/stm32f0xx_hal.c **** 
 272:Drivers/STM32F0xx_HAL_Driver/Src/stm32f0xx_hal.c **** /**
 273:Drivers/STM32F0xx_HAL_Driver/Src/stm32f0xx_hal.c ****   * @brief This function is called to increment  a global variable "uwTick"
 274:Drivers/STM32F0xx_HAL_Driver/Src/stm32f0xx_hal.c ****   *        used as application time base.
 275:Drivers/STM32F0xx_HAL_Driver/Src/stm32f0xx_hal.c ****   * @note In the default implementation, this variable is incremented each 1ms
 276:Drivers/STM32F0xx_HAL_Driver/Src/stm32f0xx_hal.c ****   *       in SysTick ISR.
 277:Drivers/STM32F0xx_HAL_Driver/Src/stm32f0xx_hal.c ****   * @note This function is declared as __weak to be overwritten in case of other 
 278:Drivers/STM32F0xx_HAL_Driver/Src/stm32f0xx_hal.c ****   *       implementations in user file.
 279:Drivers/STM32F0xx_HAL_Driver/Src/stm32f0xx_hal.c ****   * @retval None
 280:Drivers/STM32F0xx_HAL_Driver/Src/stm32f0xx_hal.c ****   */
 281:Drivers/STM32F0xx_HAL_Driver/Src/stm32f0xx_hal.c **** __weak void HAL_IncTick(void)
 282:Drivers/STM32F0xx_HAL_Driver/Src/stm32f0xx_hal.c **** {
 245              		.loc 1 282 1 is_stmt 1 view -0
 246              		.cfi_startproc
 247              		@ args = 0, pretend = 0, frame = 0
 248              		@ frame_needed = 0, uses_anonymous_args = 0
 249              		@ link register save eliminated.
 283:Drivers/STM32F0xx_HAL_Driver/Src/stm32f0xx_hal.c ****   uwTick += uwTickFreq;
 250              		.loc 1 283 3 view .LVU40
 251              		.loc 1 283 10 is_stmt 0 view .LVU41
 252 0000 034A     		ldr	r2, .L17
 253 0002 1168     		ldr	r1, [r2]
 254 0004 034B     		ldr	r3, .L17+4
 255 0006 1B78     		ldrb	r3, [r3]
 256 0008 5B18     		adds	r3, r3, r1
 257 000a 1360     		str	r3, [r2]
 284:Drivers/STM32F0xx_HAL_Driver/Src/stm32f0xx_hal.c **** }
 258              		.loc 1 284 1 view .LVU42
 259              		@ sp needed
 260 000c 7047     		bx	lr
 261              	.L18:
 262 000e C046     		.align	2
 263              	.L17:
 264 0010 00000000 		.word	uwTick
 265 0014 00000000 		.word	uwTickFreq
 266              		.cfi_endproc
 267              	.LFE45:
 269              		.section	.text.HAL_GetTick,"ax",%progbits
 270              		.align	1
 271              		.weak	HAL_GetTick
 272              		.syntax unified
 273              		.code	16
 274              		.thumb_func
 276              	HAL_GetTick:
 277              	.LFB46:
ARM GAS  C:\msys64\tmp\ccX5t6eg.s 			page 11


 285:Drivers/STM32F0xx_HAL_Driver/Src/stm32f0xx_hal.c **** 
 286:Drivers/STM32F0xx_HAL_Driver/Src/stm32f0xx_hal.c **** /**
 287:Drivers/STM32F0xx_HAL_Driver/Src/stm32f0xx_hal.c ****   * @brief  Provides a tick value in millisecond.
 288:Drivers/STM32F0xx_HAL_Driver/Src/stm32f0xx_hal.c ****   * @note   This function is declared as __weak  to be overwritten  in case of other 
 289:Drivers/STM32F0xx_HAL_Driver/Src/stm32f0xx_hal.c ****   *       implementations in user file.
 290:Drivers/STM32F0xx_HAL_Driver/Src/stm32f0xx_hal.c ****   * @retval tick value
 291:Drivers/STM32F0xx_HAL_Driver/Src/stm32f0xx_hal.c ****   */
 292:Drivers/STM32F0xx_HAL_Driver/Src/stm32f0xx_hal.c **** __weak uint32_t HAL_GetTick(void)
 293:Drivers/STM32F0xx_HAL_Driver/Src/stm32f0xx_hal.c **** {
 278              		.loc 1 293 1 is_stmt 1 view -0
 279              		.cfi_startproc
 280              		@ args = 0, pretend = 0, frame = 0
 281              		@ frame_needed = 0, uses_anonymous_args = 0
 282              		@ link register save eliminated.
 294:Drivers/STM32F0xx_HAL_Driver/Src/stm32f0xx_hal.c ****   return uwTick;
 283              		.loc 1 294 3 view .LVU44
 284              		.loc 1 294 10 is_stmt 0 view .LVU45
 285 0000 014B     		ldr	r3, .L20
 286 0002 1868     		ldr	r0, [r3]
 295:Drivers/STM32F0xx_HAL_Driver/Src/stm32f0xx_hal.c **** }
 287              		.loc 1 295 1 view .LVU46
 288              		@ sp needed
 289 0004 7047     		bx	lr
 290              	.L21:
 291 0006 C046     		.align	2
 292              	.L20:
 293 0008 00000000 		.word	uwTick
 294              		.cfi_endproc
 295              	.LFE46:
 297              		.section	.text.HAL_GetTickPrio,"ax",%progbits
 298              		.align	1
 299              		.global	HAL_GetTickPrio
 300              		.syntax unified
 301              		.code	16
 302              		.thumb_func
 304              	HAL_GetTickPrio:
 305              	.LFB47:
 296:Drivers/STM32F0xx_HAL_Driver/Src/stm32f0xx_hal.c **** 
 297:Drivers/STM32F0xx_HAL_Driver/Src/stm32f0xx_hal.c **** /**
 298:Drivers/STM32F0xx_HAL_Driver/Src/stm32f0xx_hal.c ****   * @brief This function returns a tick priority.
 299:Drivers/STM32F0xx_HAL_Driver/Src/stm32f0xx_hal.c ****   * @retval tick priority
 300:Drivers/STM32F0xx_HAL_Driver/Src/stm32f0xx_hal.c ****   */
 301:Drivers/STM32F0xx_HAL_Driver/Src/stm32f0xx_hal.c **** uint32_t HAL_GetTickPrio(void)
 302:Drivers/STM32F0xx_HAL_Driver/Src/stm32f0xx_hal.c **** {
 306              		.loc 1 302 1 is_stmt 1 view -0
 307              		.cfi_startproc
 308              		@ args = 0, pretend = 0, frame = 0
 309              		@ frame_needed = 0, uses_anonymous_args = 0
 310              		@ link register save eliminated.
 303:Drivers/STM32F0xx_HAL_Driver/Src/stm32f0xx_hal.c ****   return uwTickPrio;
 311              		.loc 1 303 3 view .LVU48
 312              		.loc 1 303 10 is_stmt 0 view .LVU49
 313 0000 014B     		ldr	r3, .L23
 314              		.loc 1 303 10 discriminator 1 view .LVU50
 315 0002 1868     		ldr	r0, [r3]
 304:Drivers/STM32F0xx_HAL_Driver/Src/stm32f0xx_hal.c **** }
 316              		.loc 1 304 1 view .LVU51
ARM GAS  C:\msys64\tmp\ccX5t6eg.s 			page 12


 317              		@ sp needed
 318 0004 7047     		bx	lr
 319              	.L24:
 320 0006 C046     		.align	2
 321              	.L23:
 322 0008 00000000 		.word	uwTickPrio
 323              		.cfi_endproc
 324              	.LFE47:
 326              		.section	.text.HAL_SetTickFreq,"ax",%progbits
 327              		.align	1
 328              		.global	HAL_SetTickFreq
 329              		.syntax unified
 330              		.code	16
 331              		.thumb_func
 333              	HAL_SetTickFreq:
 334              	.LVL11:
 335              	.LFB48:
 305:Drivers/STM32F0xx_HAL_Driver/Src/stm32f0xx_hal.c **** 
 306:Drivers/STM32F0xx_HAL_Driver/Src/stm32f0xx_hal.c **** /**
 307:Drivers/STM32F0xx_HAL_Driver/Src/stm32f0xx_hal.c ****   * @brief Set new tick Freq.
 308:Drivers/STM32F0xx_HAL_Driver/Src/stm32f0xx_hal.c ****   * @retval status
 309:Drivers/STM32F0xx_HAL_Driver/Src/stm32f0xx_hal.c ****   */
 310:Drivers/STM32F0xx_HAL_Driver/Src/stm32f0xx_hal.c **** HAL_StatusTypeDef HAL_SetTickFreq(HAL_TickFreqTypeDef Freq)
 311:Drivers/STM32F0xx_HAL_Driver/Src/stm32f0xx_hal.c **** {
 336              		.loc 1 311 1 is_stmt 1 view -0
 337              		.cfi_startproc
 338              		@ args = 0, pretend = 0, frame = 0
 339              		@ frame_needed = 0, uses_anonymous_args = 0
 340              		.loc 1 311 1 is_stmt 0 view .LVU53
 341 0000 10B5     		push	{r4, lr}
 342              	.LCFI3:
 343              		.cfi_def_cfa_offset 8
 344              		.cfi_offset 4, -8
 345              		.cfi_offset 14, -4
 312:Drivers/STM32F0xx_HAL_Driver/Src/stm32f0xx_hal.c ****   HAL_StatusTypeDef status  = HAL_OK;
 346              		.loc 1 312 3 is_stmt 1 view .LVU54
 347              	.LVL12:
 313:Drivers/STM32F0xx_HAL_Driver/Src/stm32f0xx_hal.c ****   HAL_TickFreqTypeDef prevTickFreq;
 348              		.loc 1 313 3 view .LVU55
 314:Drivers/STM32F0xx_HAL_Driver/Src/stm32f0xx_hal.c **** 
 315:Drivers/STM32F0xx_HAL_Driver/Src/stm32f0xx_hal.c ****   assert_param(IS_TICKFREQ(Freq));
 349              		.loc 1 315 3 view .LVU56
 316:Drivers/STM32F0xx_HAL_Driver/Src/stm32f0xx_hal.c **** 
 317:Drivers/STM32F0xx_HAL_Driver/Src/stm32f0xx_hal.c ****   if (uwTickFreq != Freq)
 350              		.loc 1 317 3 view .LVU57
 351              		.loc 1 317 18 is_stmt 0 view .LVU58
 352 0002 084B     		ldr	r3, .L31
 353 0004 1C78     		ldrb	r4, [r3]
 354              		.loc 1 317 6 view .LVU59
 355 0006 8442     		cmp	r4, r0
 356 0008 01D1     		bne	.L30
 312:Drivers/STM32F0xx_HAL_Driver/Src/stm32f0xx_hal.c ****   HAL_TickFreqTypeDef prevTickFreq;
 357              		.loc 1 312 21 view .LVU60
 358 000a 0020     		movs	r0, #0
 359              	.LVL13:
 360              	.L26:
 318:Drivers/STM32F0xx_HAL_Driver/Src/stm32f0xx_hal.c ****   {
ARM GAS  C:\msys64\tmp\ccX5t6eg.s 			page 13


 319:Drivers/STM32F0xx_HAL_Driver/Src/stm32f0xx_hal.c ****     /* Back up uwTickFreq frequency */
 320:Drivers/STM32F0xx_HAL_Driver/Src/stm32f0xx_hal.c ****     prevTickFreq = uwTickFreq;
 321:Drivers/STM32F0xx_HAL_Driver/Src/stm32f0xx_hal.c **** 
 322:Drivers/STM32F0xx_HAL_Driver/Src/stm32f0xx_hal.c ****     /* Update uwTickFreq global variable used by HAL_InitTick() */
 323:Drivers/STM32F0xx_HAL_Driver/Src/stm32f0xx_hal.c ****     uwTickFreq = Freq;
 324:Drivers/STM32F0xx_HAL_Driver/Src/stm32f0xx_hal.c **** 
 325:Drivers/STM32F0xx_HAL_Driver/Src/stm32f0xx_hal.c ****     /* Apply the new tick Freq */
 326:Drivers/STM32F0xx_HAL_Driver/Src/stm32f0xx_hal.c ****     status = HAL_InitTick(uwTickPrio);
 327:Drivers/STM32F0xx_HAL_Driver/Src/stm32f0xx_hal.c **** 
 328:Drivers/STM32F0xx_HAL_Driver/Src/stm32f0xx_hal.c ****     if (status != HAL_OK)
 329:Drivers/STM32F0xx_HAL_Driver/Src/stm32f0xx_hal.c ****     {
 330:Drivers/STM32F0xx_HAL_Driver/Src/stm32f0xx_hal.c ****       /* Restore previous tick frequency */
 331:Drivers/STM32F0xx_HAL_Driver/Src/stm32f0xx_hal.c ****       uwTickFreq = prevTickFreq;
 332:Drivers/STM32F0xx_HAL_Driver/Src/stm32f0xx_hal.c ****     }
 333:Drivers/STM32F0xx_HAL_Driver/Src/stm32f0xx_hal.c ****   }
 334:Drivers/STM32F0xx_HAL_Driver/Src/stm32f0xx_hal.c **** 
 335:Drivers/STM32F0xx_HAL_Driver/Src/stm32f0xx_hal.c ****   return status;
 361              		.loc 1 335 3 is_stmt 1 view .LVU61
 336:Drivers/STM32F0xx_HAL_Driver/Src/stm32f0xx_hal.c **** }
 362              		.loc 1 336 1 is_stmt 0 view .LVU62
 363              		@ sp needed
 364 000c 10BD     		pop	{r4, pc}
 365              	.LVL14:
 366              	.L30:
 320:Drivers/STM32F0xx_HAL_Driver/Src/stm32f0xx_hal.c **** 
 367              		.loc 1 320 5 is_stmt 1 view .LVU63
 323:Drivers/STM32F0xx_HAL_Driver/Src/stm32f0xx_hal.c **** 
 368              		.loc 1 323 5 view .LVU64
 323:Drivers/STM32F0xx_HAL_Driver/Src/stm32f0xx_hal.c **** 
 369              		.loc 1 323 16 is_stmt 0 view .LVU65
 370 000e 1870     		strb	r0, [r3]
 326:Drivers/STM32F0xx_HAL_Driver/Src/stm32f0xx_hal.c **** 
 371              		.loc 1 326 5 is_stmt 1 view .LVU66
 326:Drivers/STM32F0xx_HAL_Driver/Src/stm32f0xx_hal.c **** 
 372              		.loc 1 326 14 is_stmt 0 view .LVU67
 373 0010 054B     		ldr	r3, .L31+4
 374 0012 1868     		ldr	r0, [r3]
 375              	.LVL15:
 326:Drivers/STM32F0xx_HAL_Driver/Src/stm32f0xx_hal.c **** 
 376              		.loc 1 326 14 view .LVU68
 377 0014 FFF7FEFF 		bl	HAL_InitTick
 378              	.LVL16:
 328:Drivers/STM32F0xx_HAL_Driver/Src/stm32f0xx_hal.c ****     {
 379              		.loc 1 328 5 is_stmt 1 view .LVU69
 328:Drivers/STM32F0xx_HAL_Driver/Src/stm32f0xx_hal.c ****     {
 380              		.loc 1 328 8 is_stmt 0 view .LVU70
 381 0018 0028     		cmp	r0, #0
 382 001a F7D0     		beq	.L26
 331:Drivers/STM32F0xx_HAL_Driver/Src/stm32f0xx_hal.c ****     }
 383              		.loc 1 331 7 is_stmt 1 view .LVU71
 331:Drivers/STM32F0xx_HAL_Driver/Src/stm32f0xx_hal.c ****     }
 384              		.loc 1 331 18 is_stmt 0 view .LVU72
 385 001c 014B     		ldr	r3, .L31
 386 001e 1C70     		strb	r4, [r3]
 387 0020 F4E7     		b	.L26
 388              	.L32:
 389 0022 C046     		.align	2
ARM GAS  C:\msys64\tmp\ccX5t6eg.s 			page 14


 390              	.L31:
 391 0024 00000000 		.word	uwTickFreq
 392 0028 00000000 		.word	uwTickPrio
 393              		.cfi_endproc
 394              	.LFE48:
 396              		.section	.text.HAL_GetTickFreq,"ax",%progbits
 397              		.align	1
 398              		.global	HAL_GetTickFreq
 399              		.syntax unified
 400              		.code	16
 401              		.thumb_func
 403              	HAL_GetTickFreq:
 404              	.LFB49:
 337:Drivers/STM32F0xx_HAL_Driver/Src/stm32f0xx_hal.c **** 
 338:Drivers/STM32F0xx_HAL_Driver/Src/stm32f0xx_hal.c **** /**
 339:Drivers/STM32F0xx_HAL_Driver/Src/stm32f0xx_hal.c ****   * @brief return tick frequency.
 340:Drivers/STM32F0xx_HAL_Driver/Src/stm32f0xx_hal.c ****   * @retval Tick frequency.
 341:Drivers/STM32F0xx_HAL_Driver/Src/stm32f0xx_hal.c ****   *         Value of @ref HAL_TickFreqTypeDef.
 342:Drivers/STM32F0xx_HAL_Driver/Src/stm32f0xx_hal.c ****   */
 343:Drivers/STM32F0xx_HAL_Driver/Src/stm32f0xx_hal.c **** HAL_TickFreqTypeDef HAL_GetTickFreq(void)
 344:Drivers/STM32F0xx_HAL_Driver/Src/stm32f0xx_hal.c **** {
 405              		.loc 1 344 1 is_stmt 1 view -0
 406              		.cfi_startproc
 407              		@ args = 0, pretend = 0, frame = 0
 408              		@ frame_needed = 0, uses_anonymous_args = 0
 409              		@ link register save eliminated.
 345:Drivers/STM32F0xx_HAL_Driver/Src/stm32f0xx_hal.c ****   return uwTickFreq;
 410              		.loc 1 345 3 view .LVU74
 411              		.loc 1 345 10 is_stmt 0 view .LVU75
 412 0000 014B     		ldr	r3, .L34
 413              		.loc 1 345 10 discriminator 1 view .LVU76
 414 0002 1878     		ldrb	r0, [r3]
 346:Drivers/STM32F0xx_HAL_Driver/Src/stm32f0xx_hal.c **** }
 415              		.loc 1 346 1 view .LVU77
 416              		@ sp needed
 417 0004 7047     		bx	lr
 418              	.L35:
 419 0006 C046     		.align	2
 420              	.L34:
 421 0008 00000000 		.word	uwTickFreq
 422              		.cfi_endproc
 423              	.LFE49:
 425              		.section	.text.HAL_Delay,"ax",%progbits
 426              		.align	1
 427              		.weak	HAL_Delay
 428              		.syntax unified
 429              		.code	16
 430              		.thumb_func
 432              	HAL_Delay:
 433              	.LVL17:
 434              	.LFB50:
 347:Drivers/STM32F0xx_HAL_Driver/Src/stm32f0xx_hal.c **** 
 348:Drivers/STM32F0xx_HAL_Driver/Src/stm32f0xx_hal.c **** /**
 349:Drivers/STM32F0xx_HAL_Driver/Src/stm32f0xx_hal.c ****   * @brief This function provides accurate delay (in milliseconds) based
 350:Drivers/STM32F0xx_HAL_Driver/Src/stm32f0xx_hal.c ****   *        on variable incremented.
 351:Drivers/STM32F0xx_HAL_Driver/Src/stm32f0xx_hal.c ****   * @note In the default implementation , SysTick timer is the source of time base.
 352:Drivers/STM32F0xx_HAL_Driver/Src/stm32f0xx_hal.c ****   *       It is used to generate interrupts at regular time intervals where uwTick
ARM GAS  C:\msys64\tmp\ccX5t6eg.s 			page 15


 353:Drivers/STM32F0xx_HAL_Driver/Src/stm32f0xx_hal.c ****   *       is incremented.
 354:Drivers/STM32F0xx_HAL_Driver/Src/stm32f0xx_hal.c ****   * @note ThiS function is declared as __weak to be overwritten in case of other
 355:Drivers/STM32F0xx_HAL_Driver/Src/stm32f0xx_hal.c ****   *       implementations in user file.
 356:Drivers/STM32F0xx_HAL_Driver/Src/stm32f0xx_hal.c ****   * @param Delay specifies the delay time length, in milliseconds.
 357:Drivers/STM32F0xx_HAL_Driver/Src/stm32f0xx_hal.c ****   * @retval None
 358:Drivers/STM32F0xx_HAL_Driver/Src/stm32f0xx_hal.c ****   */
 359:Drivers/STM32F0xx_HAL_Driver/Src/stm32f0xx_hal.c **** __weak void HAL_Delay(uint32_t Delay)
 360:Drivers/STM32F0xx_HAL_Driver/Src/stm32f0xx_hal.c **** {
 435              		.loc 1 360 1 is_stmt 1 view -0
 436              		.cfi_startproc
 437              		@ args = 0, pretend = 0, frame = 0
 438              		@ frame_needed = 0, uses_anonymous_args = 0
 439              		.loc 1 360 1 is_stmt 0 view .LVU79
 440 0000 70B5     		push	{r4, r5, r6, lr}
 441              	.LCFI4:
 442              		.cfi_def_cfa_offset 16
 443              		.cfi_offset 4, -16
 444              		.cfi_offset 5, -12
 445              		.cfi_offset 6, -8
 446              		.cfi_offset 14, -4
 447 0002 0400     		movs	r4, r0
 361:Drivers/STM32F0xx_HAL_Driver/Src/stm32f0xx_hal.c ****   uint32_t tickstart = HAL_GetTick();
 448              		.loc 1 361 3 is_stmt 1 view .LVU80
 449              		.loc 1 361 24 is_stmt 0 view .LVU81
 450 0004 FFF7FEFF 		bl	HAL_GetTick
 451              	.LVL18:
 452              		.loc 1 361 24 view .LVU82
 453 0008 0500     		movs	r5, r0
 454              	.LVL19:
 362:Drivers/STM32F0xx_HAL_Driver/Src/stm32f0xx_hal.c ****   uint32_t wait = Delay;
 455              		.loc 1 362 3 is_stmt 1 view .LVU83
 363:Drivers/STM32F0xx_HAL_Driver/Src/stm32f0xx_hal.c ****   
 364:Drivers/STM32F0xx_HAL_Driver/Src/stm32f0xx_hal.c ****   /* Add a freq to guarantee minimum wait */
 365:Drivers/STM32F0xx_HAL_Driver/Src/stm32f0xx_hal.c ****   if (wait < HAL_MAX_DELAY)
 456              		.loc 1 365 3 view .LVU84
 457              		.loc 1 365 6 is_stmt 0 view .LVU85
 458 000a 631C     		adds	r3, r4, #1
 459 000c 02D0     		beq	.L38
 366:Drivers/STM32F0xx_HAL_Driver/Src/stm32f0xx_hal.c ****   {
 367:Drivers/STM32F0xx_HAL_Driver/Src/stm32f0xx_hal.c ****     wait += (uint32_t)(uwTickFreq);
 460              		.loc 1 367 5 is_stmt 1 view .LVU86
 461              		.loc 1 367 13 is_stmt 0 view .LVU87
 462 000e 044B     		ldr	r3, .L40
 463 0010 1B78     		ldrb	r3, [r3]
 464              		.loc 1 367 10 view .LVU88
 465 0012 E418     		adds	r4, r4, r3
 466              	.LVL20:
 467              	.L38:
 368:Drivers/STM32F0xx_HAL_Driver/Src/stm32f0xx_hal.c ****   }
 369:Drivers/STM32F0xx_HAL_Driver/Src/stm32f0xx_hal.c ****   
 370:Drivers/STM32F0xx_HAL_Driver/Src/stm32f0xx_hal.c ****   while((HAL_GetTick() - tickstart) < wait)
 371:Drivers/STM32F0xx_HAL_Driver/Src/stm32f0xx_hal.c ****   {
 372:Drivers/STM32F0xx_HAL_Driver/Src/stm32f0xx_hal.c ****   }
 468              		.loc 1 372 3 is_stmt 1 view .LVU89
 370:Drivers/STM32F0xx_HAL_Driver/Src/stm32f0xx_hal.c ****   {
 469              		.loc 1 370 37 discriminator 1 view .LVU90
 370:Drivers/STM32F0xx_HAL_Driver/Src/stm32f0xx_hal.c ****   {
ARM GAS  C:\msys64\tmp\ccX5t6eg.s 			page 16


 470              		.loc 1 370 10 is_stmt 0 discriminator 1 view .LVU91
 471 0014 FFF7FEFF 		bl	HAL_GetTick
 472              	.LVL21:
 370:Drivers/STM32F0xx_HAL_Driver/Src/stm32f0xx_hal.c ****   {
 473              		.loc 1 370 24 discriminator 2 view .LVU92
 474 0018 401B     		subs	r0, r0, r5
 370:Drivers/STM32F0xx_HAL_Driver/Src/stm32f0xx_hal.c ****   {
 475              		.loc 1 370 37 discriminator 2 view .LVU93
 476 001a A042     		cmp	r0, r4
 477 001c FAD3     		bcc	.L38
 373:Drivers/STM32F0xx_HAL_Driver/Src/stm32f0xx_hal.c **** }
 478              		.loc 1 373 1 view .LVU94
 479              		@ sp needed
 480              	.LVL22:
 481              	.LVL23:
 482              		.loc 1 373 1 view .LVU95
 483 001e 70BD     		pop	{r4, r5, r6, pc}
 484              	.L41:
 485              		.align	2
 486              	.L40:
 487 0020 00000000 		.word	uwTickFreq
 488              		.cfi_endproc
 489              	.LFE50:
 491              		.section	.text.HAL_SuspendTick,"ax",%progbits
 492              		.align	1
 493              		.weak	HAL_SuspendTick
 494              		.syntax unified
 495              		.code	16
 496              		.thumb_func
 498              	HAL_SuspendTick:
 499              	.LFB51:
 374:Drivers/STM32F0xx_HAL_Driver/Src/stm32f0xx_hal.c **** 
 375:Drivers/STM32F0xx_HAL_Driver/Src/stm32f0xx_hal.c **** /**
 376:Drivers/STM32F0xx_HAL_Driver/Src/stm32f0xx_hal.c ****   * @brief Suspend Tick increment.
 377:Drivers/STM32F0xx_HAL_Driver/Src/stm32f0xx_hal.c ****   * @note In the default implementation , SysTick timer is the source of time base. It is
 378:Drivers/STM32F0xx_HAL_Driver/Src/stm32f0xx_hal.c ****   *       used to generate interrupts at regular time intervals. Once HAL_SuspendTick()
 379:Drivers/STM32F0xx_HAL_Driver/Src/stm32f0xx_hal.c ****   *       is called, the the SysTick interrupt will be disabled and so Tick increment 
 380:Drivers/STM32F0xx_HAL_Driver/Src/stm32f0xx_hal.c ****   *       is suspended.
 381:Drivers/STM32F0xx_HAL_Driver/Src/stm32f0xx_hal.c ****   * @note This function is declared as __weak to be overwritten in case of other
 382:Drivers/STM32F0xx_HAL_Driver/Src/stm32f0xx_hal.c ****   *       implementations in user file.
 383:Drivers/STM32F0xx_HAL_Driver/Src/stm32f0xx_hal.c ****   * @retval None
 384:Drivers/STM32F0xx_HAL_Driver/Src/stm32f0xx_hal.c ****   */
 385:Drivers/STM32F0xx_HAL_Driver/Src/stm32f0xx_hal.c **** __weak void HAL_SuspendTick(void)
 386:Drivers/STM32F0xx_HAL_Driver/Src/stm32f0xx_hal.c **** 
 387:Drivers/STM32F0xx_HAL_Driver/Src/stm32f0xx_hal.c **** {
 500              		.loc 1 387 1 is_stmt 1 view -0
 501              		.cfi_startproc
 502              		@ args = 0, pretend = 0, frame = 0
 503              		@ frame_needed = 0, uses_anonymous_args = 0
 504              		@ link register save eliminated.
 388:Drivers/STM32F0xx_HAL_Driver/Src/stm32f0xx_hal.c ****   /* Disable SysTick Interrupt */
 389:Drivers/STM32F0xx_HAL_Driver/Src/stm32f0xx_hal.c ****   CLEAR_BIT(SysTick->CTRL,SysTick_CTRL_TICKINT_Msk);
 505              		.loc 1 389 3 view .LVU97
 506 0000 024A     		ldr	r2, .L43
 507 0002 1368     		ldr	r3, [r2]
 508 0004 0221     		movs	r1, #2
 509 0006 8B43     		bics	r3, r1
ARM GAS  C:\msys64\tmp\ccX5t6eg.s 			page 17


 510 0008 1360     		str	r3, [r2]
 390:Drivers/STM32F0xx_HAL_Driver/Src/stm32f0xx_hal.c **** }
 511              		.loc 1 390 1 is_stmt 0 view .LVU98
 512              		@ sp needed
 513 000a 7047     		bx	lr
 514              	.L44:
 515              		.align	2
 516              	.L43:
 517 000c 10E000E0 		.word	-536813552
 518              		.cfi_endproc
 519              	.LFE51:
 521              		.section	.text.HAL_ResumeTick,"ax",%progbits
 522              		.align	1
 523              		.weak	HAL_ResumeTick
 524              		.syntax unified
 525              		.code	16
 526              		.thumb_func
 528              	HAL_ResumeTick:
 529              	.LFB52:
 391:Drivers/STM32F0xx_HAL_Driver/Src/stm32f0xx_hal.c **** 
 392:Drivers/STM32F0xx_HAL_Driver/Src/stm32f0xx_hal.c **** /**
 393:Drivers/STM32F0xx_HAL_Driver/Src/stm32f0xx_hal.c ****   * @brief Resume Tick increment.
 394:Drivers/STM32F0xx_HAL_Driver/Src/stm32f0xx_hal.c ****   * @note In the default implementation , SysTick timer is the source of time base. It is
 395:Drivers/STM32F0xx_HAL_Driver/Src/stm32f0xx_hal.c ****   *       used to generate interrupts at regular time intervals. Once HAL_ResumeTick()
 396:Drivers/STM32F0xx_HAL_Driver/Src/stm32f0xx_hal.c ****   *       is called, the the SysTick interrupt will be enabled and so Tick increment 
 397:Drivers/STM32F0xx_HAL_Driver/Src/stm32f0xx_hal.c ****   *       is resumed.
 398:Drivers/STM32F0xx_HAL_Driver/Src/stm32f0xx_hal.c ****   * @note This function is declared as __weak  to be overwritten  in case of other
 399:Drivers/STM32F0xx_HAL_Driver/Src/stm32f0xx_hal.c ****   *       implementations in user file.
 400:Drivers/STM32F0xx_HAL_Driver/Src/stm32f0xx_hal.c ****   * @retval None
 401:Drivers/STM32F0xx_HAL_Driver/Src/stm32f0xx_hal.c ****   */
 402:Drivers/STM32F0xx_HAL_Driver/Src/stm32f0xx_hal.c **** __weak void HAL_ResumeTick(void)
 403:Drivers/STM32F0xx_HAL_Driver/Src/stm32f0xx_hal.c **** {
 530              		.loc 1 403 1 is_stmt 1 view -0
 531              		.cfi_startproc
 532              		@ args = 0, pretend = 0, frame = 0
 533              		@ frame_needed = 0, uses_anonymous_args = 0
 534              		@ link register save eliminated.
 404:Drivers/STM32F0xx_HAL_Driver/Src/stm32f0xx_hal.c ****   /* Enable SysTick Interrupt */
 405:Drivers/STM32F0xx_HAL_Driver/Src/stm32f0xx_hal.c ****   SET_BIT(SysTick->CTRL,SysTick_CTRL_TICKINT_Msk);
 535              		.loc 1 405 3 view .LVU100
 536 0000 024A     		ldr	r2, .L46
 537 0002 1368     		ldr	r3, [r2]
 538 0004 0221     		movs	r1, #2
 539 0006 0B43     		orrs	r3, r1
 540 0008 1360     		str	r3, [r2]
 406:Drivers/STM32F0xx_HAL_Driver/Src/stm32f0xx_hal.c **** }
 541              		.loc 1 406 1 is_stmt 0 view .LVU101
 542              		@ sp needed
 543 000a 7047     		bx	lr
 544              	.L47:
 545              		.align	2
 546              	.L46:
 547 000c 10E000E0 		.word	-536813552
 548              		.cfi_endproc
 549              	.LFE52:
 551              		.section	.text.HAL_GetHalVersion,"ax",%progbits
 552              		.align	1
ARM GAS  C:\msys64\tmp\ccX5t6eg.s 			page 18


 553              		.global	HAL_GetHalVersion
 554              		.syntax unified
 555              		.code	16
 556              		.thumb_func
 558              	HAL_GetHalVersion:
 559              	.LFB53:
 407:Drivers/STM32F0xx_HAL_Driver/Src/stm32f0xx_hal.c **** 
 408:Drivers/STM32F0xx_HAL_Driver/Src/stm32f0xx_hal.c **** /**
 409:Drivers/STM32F0xx_HAL_Driver/Src/stm32f0xx_hal.c ****   * @brief  This method returns the HAL revision
 410:Drivers/STM32F0xx_HAL_Driver/Src/stm32f0xx_hal.c ****   * @retval version 0xXYZR (8bits for each decimal, R for RC)
 411:Drivers/STM32F0xx_HAL_Driver/Src/stm32f0xx_hal.c ****   */
 412:Drivers/STM32F0xx_HAL_Driver/Src/stm32f0xx_hal.c **** uint32_t HAL_GetHalVersion(void)
 413:Drivers/STM32F0xx_HAL_Driver/Src/stm32f0xx_hal.c **** {
 560              		.loc 1 413 1 is_stmt 1 view -0
 561              		.cfi_startproc
 562              		@ args = 0, pretend = 0, frame = 0
 563              		@ frame_needed = 0, uses_anonymous_args = 0
 564              		@ link register save eliminated.
 414:Drivers/STM32F0xx_HAL_Driver/Src/stm32f0xx_hal.c ****  return __STM32F0xx_HAL_VERSION;
 565              		.loc 1 414 2 view .LVU103
 415:Drivers/STM32F0xx_HAL_Driver/Src/stm32f0xx_hal.c **** }
 566              		.loc 1 415 1 is_stmt 0 view .LVU104
 567 0000 0048     		ldr	r0, .L49
 568              		@ sp needed
 569 0002 7047     		bx	lr
 570              	.L50:
 571              		.align	2
 572              	.L49:
 573 0004 00080701 		.word	17238016
 574              		.cfi_endproc
 575              	.LFE53:
 577              		.section	.text.HAL_GetREVID,"ax",%progbits
 578              		.align	1
 579              		.global	HAL_GetREVID
 580              		.syntax unified
 581              		.code	16
 582              		.thumb_func
 584              	HAL_GetREVID:
 585              	.LFB54:
 416:Drivers/STM32F0xx_HAL_Driver/Src/stm32f0xx_hal.c **** 
 417:Drivers/STM32F0xx_HAL_Driver/Src/stm32f0xx_hal.c **** /**
 418:Drivers/STM32F0xx_HAL_Driver/Src/stm32f0xx_hal.c ****   * @brief  Returns the device revision identifier.
 419:Drivers/STM32F0xx_HAL_Driver/Src/stm32f0xx_hal.c ****   * @retval Device revision identifier
 420:Drivers/STM32F0xx_HAL_Driver/Src/stm32f0xx_hal.c ****   */
 421:Drivers/STM32F0xx_HAL_Driver/Src/stm32f0xx_hal.c **** uint32_t HAL_GetREVID(void)
 422:Drivers/STM32F0xx_HAL_Driver/Src/stm32f0xx_hal.c **** {
 586              		.loc 1 422 1 is_stmt 1 view -0
 587              		.cfi_startproc
 588              		@ args = 0, pretend = 0, frame = 0
 589              		@ frame_needed = 0, uses_anonymous_args = 0
 590              		@ link register save eliminated.
 423:Drivers/STM32F0xx_HAL_Driver/Src/stm32f0xx_hal.c ****    return((DBGMCU->IDCODE) >> 16U);
 591              		.loc 1 423 4 view .LVU106
 592              		.loc 1 423 18 is_stmt 0 view .LVU107
 593 0000 014B     		ldr	r3, .L52
 594 0002 1868     		ldr	r0, [r3]
 595              		.loc 1 423 28 view .LVU108
ARM GAS  C:\msys64\tmp\ccX5t6eg.s 			page 19


 596 0004 000C     		lsrs	r0, r0, #16
 424:Drivers/STM32F0xx_HAL_Driver/Src/stm32f0xx_hal.c **** }
 597              		.loc 1 424 1 view .LVU109
 598              		@ sp needed
 599 0006 7047     		bx	lr
 600              	.L53:
 601              		.align	2
 602              	.L52:
 603 0008 00580140 		.word	1073829888
 604              		.cfi_endproc
 605              	.LFE54:
 607              		.section	.text.HAL_GetDEVID,"ax",%progbits
 608              		.align	1
 609              		.global	HAL_GetDEVID
 610              		.syntax unified
 611              		.code	16
 612              		.thumb_func
 614              	HAL_GetDEVID:
 615              	.LFB55:
 425:Drivers/STM32F0xx_HAL_Driver/Src/stm32f0xx_hal.c **** 
 426:Drivers/STM32F0xx_HAL_Driver/Src/stm32f0xx_hal.c **** /**
 427:Drivers/STM32F0xx_HAL_Driver/Src/stm32f0xx_hal.c ****   * @brief  Returns the device identifier.
 428:Drivers/STM32F0xx_HAL_Driver/Src/stm32f0xx_hal.c ****   * @retval Device identifier
 429:Drivers/STM32F0xx_HAL_Driver/Src/stm32f0xx_hal.c ****   */
 430:Drivers/STM32F0xx_HAL_Driver/Src/stm32f0xx_hal.c **** uint32_t HAL_GetDEVID(void)
 431:Drivers/STM32F0xx_HAL_Driver/Src/stm32f0xx_hal.c **** {
 616              		.loc 1 431 1 is_stmt 1 view -0
 617              		.cfi_startproc
 618              		@ args = 0, pretend = 0, frame = 0
 619              		@ frame_needed = 0, uses_anonymous_args = 0
 620              		@ link register save eliminated.
 432:Drivers/STM32F0xx_HAL_Driver/Src/stm32f0xx_hal.c ****    return((DBGMCU->IDCODE) & IDCODE_DEVID_MASK);
 621              		.loc 1 432 4 view .LVU111
 622              		.loc 1 432 18 is_stmt 0 view .LVU112
 623 0000 024B     		ldr	r3, .L55
 624 0002 1868     		ldr	r0, [r3]
 625              		.loc 1 432 28 view .LVU113
 626 0004 0005     		lsls	r0, r0, #20
 627 0006 000D     		lsrs	r0, r0, #20
 433:Drivers/STM32F0xx_HAL_Driver/Src/stm32f0xx_hal.c **** }
 628              		.loc 1 433 1 view .LVU114
 629              		@ sp needed
 630 0008 7047     		bx	lr
 631              	.L56:
 632 000a C046     		.align	2
 633              	.L55:
 634 000c 00580140 		.word	1073829888
 635              		.cfi_endproc
 636              	.LFE55:
 638              		.section	.text.HAL_GetUIDw0,"ax",%progbits
 639              		.align	1
 640              		.global	HAL_GetUIDw0
 641              		.syntax unified
 642              		.code	16
 643              		.thumb_func
 645              	HAL_GetUIDw0:
 646              	.LFB56:
ARM GAS  C:\msys64\tmp\ccX5t6eg.s 			page 20


 434:Drivers/STM32F0xx_HAL_Driver/Src/stm32f0xx_hal.c **** 
 435:Drivers/STM32F0xx_HAL_Driver/Src/stm32f0xx_hal.c **** /**
 436:Drivers/STM32F0xx_HAL_Driver/Src/stm32f0xx_hal.c ****   * @brief  Returns first word of the unique device identifier (UID based on 96 bits)
 437:Drivers/STM32F0xx_HAL_Driver/Src/stm32f0xx_hal.c ****   * @retval Device identifier
 438:Drivers/STM32F0xx_HAL_Driver/Src/stm32f0xx_hal.c ****   */
 439:Drivers/STM32F0xx_HAL_Driver/Src/stm32f0xx_hal.c **** uint32_t HAL_GetUIDw0(void)
 440:Drivers/STM32F0xx_HAL_Driver/Src/stm32f0xx_hal.c **** {
 647              		.loc 1 440 1 is_stmt 1 view -0
 648              		.cfi_startproc
 649              		@ args = 0, pretend = 0, frame = 0
 650              		@ frame_needed = 0, uses_anonymous_args = 0
 651              		@ link register save eliminated.
 441:Drivers/STM32F0xx_HAL_Driver/Src/stm32f0xx_hal.c ****    return(READ_REG(*((uint32_t *)UID_BASE)));
 652              		.loc 1 441 4 view .LVU116
 653              		.loc 1 441 11 is_stmt 0 view .LVU117
 654 0000 014B     		ldr	r3, .L58
 655              		.loc 1 441 11 discriminator 1 view .LVU118
 656 0002 1868     		ldr	r0, [r3]
 442:Drivers/STM32F0xx_HAL_Driver/Src/stm32f0xx_hal.c **** }
 657              		.loc 1 442 1 view .LVU119
 658              		@ sp needed
 659 0004 7047     		bx	lr
 660              	.L59:
 661 0006 C046     		.align	2
 662              	.L58:
 663 0008 ACF7FF1F 		.word	536868780
 664              		.cfi_endproc
 665              	.LFE56:
 667              		.section	.text.HAL_GetUIDw1,"ax",%progbits
 668              		.align	1
 669              		.global	HAL_GetUIDw1
 670              		.syntax unified
 671              		.code	16
 672              		.thumb_func
 674              	HAL_GetUIDw1:
 675              	.LFB57:
 443:Drivers/STM32F0xx_HAL_Driver/Src/stm32f0xx_hal.c **** 
 444:Drivers/STM32F0xx_HAL_Driver/Src/stm32f0xx_hal.c **** /**
 445:Drivers/STM32F0xx_HAL_Driver/Src/stm32f0xx_hal.c ****   * @brief  Returns second word of the unique device identifier (UID based on 96 bits)
 446:Drivers/STM32F0xx_HAL_Driver/Src/stm32f0xx_hal.c ****   * @retval Device identifier
 447:Drivers/STM32F0xx_HAL_Driver/Src/stm32f0xx_hal.c ****   */
 448:Drivers/STM32F0xx_HAL_Driver/Src/stm32f0xx_hal.c **** uint32_t HAL_GetUIDw1(void)
 449:Drivers/STM32F0xx_HAL_Driver/Src/stm32f0xx_hal.c **** {
 676              		.loc 1 449 1 is_stmt 1 view -0
 677              		.cfi_startproc
 678              		@ args = 0, pretend = 0, frame = 0
 679              		@ frame_needed = 0, uses_anonymous_args = 0
 680              		@ link register save eliminated.
 450:Drivers/STM32F0xx_HAL_Driver/Src/stm32f0xx_hal.c ****    return(READ_REG(*((uint32_t *)(UID_BASE + 4U))));
 681              		.loc 1 450 4 view .LVU121
 682              		.loc 1 450 11 is_stmt 0 view .LVU122
 683 0000 014B     		ldr	r3, .L61
 684              		.loc 1 450 11 discriminator 1 view .LVU123
 685 0002 1868     		ldr	r0, [r3]
 451:Drivers/STM32F0xx_HAL_Driver/Src/stm32f0xx_hal.c **** }
 686              		.loc 1 451 1 view .LVU124
 687              		@ sp needed
ARM GAS  C:\msys64\tmp\ccX5t6eg.s 			page 21


 688 0004 7047     		bx	lr
 689              	.L62:
 690 0006 C046     		.align	2
 691              	.L61:
 692 0008 B0F7FF1F 		.word	536868784
 693              		.cfi_endproc
 694              	.LFE57:
 696              		.section	.text.HAL_GetUIDw2,"ax",%progbits
 697              		.align	1
 698              		.global	HAL_GetUIDw2
 699              		.syntax unified
 700              		.code	16
 701              		.thumb_func
 703              	HAL_GetUIDw2:
 704              	.LFB58:
 452:Drivers/STM32F0xx_HAL_Driver/Src/stm32f0xx_hal.c **** 
 453:Drivers/STM32F0xx_HAL_Driver/Src/stm32f0xx_hal.c **** /**
 454:Drivers/STM32F0xx_HAL_Driver/Src/stm32f0xx_hal.c ****   * @brief  Returns third word of the unique device identifier (UID based on 96 bits)
 455:Drivers/STM32F0xx_HAL_Driver/Src/stm32f0xx_hal.c ****   * @retval Device identifier
 456:Drivers/STM32F0xx_HAL_Driver/Src/stm32f0xx_hal.c ****   */
 457:Drivers/STM32F0xx_HAL_Driver/Src/stm32f0xx_hal.c **** uint32_t HAL_GetUIDw2(void)
 458:Drivers/STM32F0xx_HAL_Driver/Src/stm32f0xx_hal.c **** {
 705              		.loc 1 458 1 is_stmt 1 view -0
 706              		.cfi_startproc
 707              		@ args = 0, pretend = 0, frame = 0
 708              		@ frame_needed = 0, uses_anonymous_args = 0
 709              		@ link register save eliminated.
 459:Drivers/STM32F0xx_HAL_Driver/Src/stm32f0xx_hal.c ****    return(READ_REG(*((uint32_t *)(UID_BASE + 8U))));
 710              		.loc 1 459 4 view .LVU126
 711              		.loc 1 459 11 is_stmt 0 view .LVU127
 712 0000 014B     		ldr	r3, .L64
 713              		.loc 1 459 11 discriminator 1 view .LVU128
 714 0002 1868     		ldr	r0, [r3]
 460:Drivers/STM32F0xx_HAL_Driver/Src/stm32f0xx_hal.c **** }
 715              		.loc 1 460 1 view .LVU129
 716              		@ sp needed
 717 0004 7047     		bx	lr
 718              	.L65:
 719 0006 C046     		.align	2
 720              	.L64:
 721 0008 B4F7FF1F 		.word	536868788
 722              		.cfi_endproc
 723              	.LFE58:
 725              		.section	.text.HAL_DBGMCU_EnableDBGStopMode,"ax",%progbits
 726              		.align	1
 727              		.global	HAL_DBGMCU_EnableDBGStopMode
 728              		.syntax unified
 729              		.code	16
 730              		.thumb_func
 732              	HAL_DBGMCU_EnableDBGStopMode:
 733              	.LFB59:
 461:Drivers/STM32F0xx_HAL_Driver/Src/stm32f0xx_hal.c **** 
 462:Drivers/STM32F0xx_HAL_Driver/Src/stm32f0xx_hal.c **** /**
 463:Drivers/STM32F0xx_HAL_Driver/Src/stm32f0xx_hal.c ****   * @brief  Enable the Debug Module during STOP mode
 464:Drivers/STM32F0xx_HAL_Driver/Src/stm32f0xx_hal.c ****   * @retval None
 465:Drivers/STM32F0xx_HAL_Driver/Src/stm32f0xx_hal.c ****   */
 466:Drivers/STM32F0xx_HAL_Driver/Src/stm32f0xx_hal.c **** void HAL_DBGMCU_EnableDBGStopMode(void)
ARM GAS  C:\msys64\tmp\ccX5t6eg.s 			page 22


 467:Drivers/STM32F0xx_HAL_Driver/Src/stm32f0xx_hal.c **** {
 734              		.loc 1 467 1 is_stmt 1 view -0
 735              		.cfi_startproc
 736              		@ args = 0, pretend = 0, frame = 0
 737              		@ frame_needed = 0, uses_anonymous_args = 0
 738              		@ link register save eliminated.
 468:Drivers/STM32F0xx_HAL_Driver/Src/stm32f0xx_hal.c ****   SET_BIT(DBGMCU->CR, DBGMCU_CR_DBG_STOP);
 739              		.loc 1 468 3 view .LVU131
 740 0000 024A     		ldr	r2, .L67
 741 0002 5368     		ldr	r3, [r2, #4]
 742 0004 0221     		movs	r1, #2
 743 0006 0B43     		orrs	r3, r1
 744 0008 5360     		str	r3, [r2, #4]
 469:Drivers/STM32F0xx_HAL_Driver/Src/stm32f0xx_hal.c **** }
 745              		.loc 1 469 1 is_stmt 0 view .LVU132
 746              		@ sp needed
 747 000a 7047     		bx	lr
 748              	.L68:
 749              		.align	2
 750              	.L67:
 751 000c 00580140 		.word	1073829888
 752              		.cfi_endproc
 753              	.LFE59:
 755              		.section	.text.HAL_DBGMCU_DisableDBGStopMode,"ax",%progbits
 756              		.align	1
 757              		.global	HAL_DBGMCU_DisableDBGStopMode
 758              		.syntax unified
 759              		.code	16
 760              		.thumb_func
 762              	HAL_DBGMCU_DisableDBGStopMode:
 763              	.LFB60:
 470:Drivers/STM32F0xx_HAL_Driver/Src/stm32f0xx_hal.c **** 
 471:Drivers/STM32F0xx_HAL_Driver/Src/stm32f0xx_hal.c **** /**
 472:Drivers/STM32F0xx_HAL_Driver/Src/stm32f0xx_hal.c ****   * @brief  Disable the Debug Module during STOP mode
 473:Drivers/STM32F0xx_HAL_Driver/Src/stm32f0xx_hal.c ****   * @retval None
 474:Drivers/STM32F0xx_HAL_Driver/Src/stm32f0xx_hal.c ****   */
 475:Drivers/STM32F0xx_HAL_Driver/Src/stm32f0xx_hal.c **** void HAL_DBGMCU_DisableDBGStopMode(void)
 476:Drivers/STM32F0xx_HAL_Driver/Src/stm32f0xx_hal.c **** {
 764              		.loc 1 476 1 is_stmt 1 view -0
 765              		.cfi_startproc
 766              		@ args = 0, pretend = 0, frame = 0
 767              		@ frame_needed = 0, uses_anonymous_args = 0
 768              		@ link register save eliminated.
 477:Drivers/STM32F0xx_HAL_Driver/Src/stm32f0xx_hal.c ****   CLEAR_BIT(DBGMCU->CR, DBGMCU_CR_DBG_STOP);
 769              		.loc 1 477 3 view .LVU134
 770 0000 024A     		ldr	r2, .L70
 771 0002 5368     		ldr	r3, [r2, #4]
 772 0004 0221     		movs	r1, #2
 773 0006 8B43     		bics	r3, r1
 774 0008 5360     		str	r3, [r2, #4]
 478:Drivers/STM32F0xx_HAL_Driver/Src/stm32f0xx_hal.c **** }
 775              		.loc 1 478 1 is_stmt 0 view .LVU135
 776              		@ sp needed
 777 000a 7047     		bx	lr
 778              	.L71:
 779              		.align	2
 780              	.L70:
ARM GAS  C:\msys64\tmp\ccX5t6eg.s 			page 23


 781 000c 00580140 		.word	1073829888
 782              		.cfi_endproc
 783              	.LFE60:
 785              		.section	.text.HAL_DBGMCU_EnableDBGStandbyMode,"ax",%progbits
 786              		.align	1
 787              		.global	HAL_DBGMCU_EnableDBGStandbyMode
 788              		.syntax unified
 789              		.code	16
 790              		.thumb_func
 792              	HAL_DBGMCU_EnableDBGStandbyMode:
 793              	.LFB61:
 479:Drivers/STM32F0xx_HAL_Driver/Src/stm32f0xx_hal.c **** 
 480:Drivers/STM32F0xx_HAL_Driver/Src/stm32f0xx_hal.c **** /**
 481:Drivers/STM32F0xx_HAL_Driver/Src/stm32f0xx_hal.c ****   * @brief  Enable the Debug Module during STANDBY mode
 482:Drivers/STM32F0xx_HAL_Driver/Src/stm32f0xx_hal.c ****   * @retval None
 483:Drivers/STM32F0xx_HAL_Driver/Src/stm32f0xx_hal.c ****   */
 484:Drivers/STM32F0xx_HAL_Driver/Src/stm32f0xx_hal.c **** void HAL_DBGMCU_EnableDBGStandbyMode(void)
 485:Drivers/STM32F0xx_HAL_Driver/Src/stm32f0xx_hal.c **** {
 794              		.loc 1 485 1 is_stmt 1 view -0
 795              		.cfi_startproc
 796              		@ args = 0, pretend = 0, frame = 0
 797              		@ frame_needed = 0, uses_anonymous_args = 0
 798              		@ link register save eliminated.
 486:Drivers/STM32F0xx_HAL_Driver/Src/stm32f0xx_hal.c ****   SET_BIT(DBGMCU->CR, DBGMCU_CR_DBG_STANDBY);
 799              		.loc 1 486 3 view .LVU137
 800 0000 024A     		ldr	r2, .L73
 801 0002 5368     		ldr	r3, [r2, #4]
 802 0004 0421     		movs	r1, #4
 803 0006 0B43     		orrs	r3, r1
 804 0008 5360     		str	r3, [r2, #4]
 487:Drivers/STM32F0xx_HAL_Driver/Src/stm32f0xx_hal.c **** }
 805              		.loc 1 487 1 is_stmt 0 view .LVU138
 806              		@ sp needed
 807 000a 7047     		bx	lr
 808              	.L74:
 809              		.align	2
 810              	.L73:
 811 000c 00580140 		.word	1073829888
 812              		.cfi_endproc
 813              	.LFE61:
 815              		.section	.text.HAL_DBGMCU_DisableDBGStandbyMode,"ax",%progbits
 816              		.align	1
 817              		.global	HAL_DBGMCU_DisableDBGStandbyMode
 818              		.syntax unified
 819              		.code	16
 820              		.thumb_func
 822              	HAL_DBGMCU_DisableDBGStandbyMode:
 823              	.LFB62:
 488:Drivers/STM32F0xx_HAL_Driver/Src/stm32f0xx_hal.c **** 
 489:Drivers/STM32F0xx_HAL_Driver/Src/stm32f0xx_hal.c **** /**
 490:Drivers/STM32F0xx_HAL_Driver/Src/stm32f0xx_hal.c ****   * @brief  Disable the Debug Module during STANDBY mode
 491:Drivers/STM32F0xx_HAL_Driver/Src/stm32f0xx_hal.c ****   * @retval None
 492:Drivers/STM32F0xx_HAL_Driver/Src/stm32f0xx_hal.c ****   */
 493:Drivers/STM32F0xx_HAL_Driver/Src/stm32f0xx_hal.c **** void HAL_DBGMCU_DisableDBGStandbyMode(void)
 494:Drivers/STM32F0xx_HAL_Driver/Src/stm32f0xx_hal.c **** {
 824              		.loc 1 494 1 is_stmt 1 view -0
 825              		.cfi_startproc
ARM GAS  C:\msys64\tmp\ccX5t6eg.s 			page 24


 826              		@ args = 0, pretend = 0, frame = 0
 827              		@ frame_needed = 0, uses_anonymous_args = 0
 828              		@ link register save eliminated.
 495:Drivers/STM32F0xx_HAL_Driver/Src/stm32f0xx_hal.c ****   CLEAR_BIT(DBGMCU->CR, DBGMCU_CR_DBG_STANDBY);
 829              		.loc 1 495 3 view .LVU140
 830 0000 024A     		ldr	r2, .L76
 831 0002 5368     		ldr	r3, [r2, #4]
 832 0004 0421     		movs	r1, #4
 833 0006 8B43     		bics	r3, r1
 834 0008 5360     		str	r3, [r2, #4]
 496:Drivers/STM32F0xx_HAL_Driver/Src/stm32f0xx_hal.c **** }
 835              		.loc 1 496 1 is_stmt 0 view .LVU141
 836              		@ sp needed
 837 000a 7047     		bx	lr
 838              	.L77:
 839              		.align	2
 840              	.L76:
 841 000c 00580140 		.word	1073829888
 842              		.cfi_endproc
 843              	.LFE62:
 845              		.global	uwTickFreq
 846              		.section	.data.uwTickFreq,"aw"
 849              	uwTickFreq:
 850 0000 01       		.byte	1
 851              		.global	uwTickPrio
 852              		.section	.data.uwTickPrio,"aw"
 853              		.align	2
 856              	uwTickPrio:
 857 0000 04000000 		.word	4
 858              		.global	uwTick
 859              		.section	.bss.uwTick,"aw",%nobits
 860              		.align	2
 863              	uwTick:
 864 0000 00000000 		.space	4
 865              		.text
 866              	.Letext0:
 867              		.file 2 "Drivers/CMSIS/Device/ST/STM32F0xx/Include/stm32f030x8.h"
 868              		.file 3 "C:/msys64/ucrt64/arm-none-eabi/include/machine/_default_types.h"
 869              		.file 4 "C:/msys64/ucrt64/arm-none-eabi/include/sys/_stdint.h"
 870              		.file 5 "Drivers/CMSIS/Include/core_cm0.h"
 871              		.file 6 "Drivers/STM32F0xx_HAL_Driver/Inc/stm32f0xx_hal_def.h"
 872              		.file 7 "Drivers/STM32F0xx_HAL_Driver/Inc/stm32f0xx_hal.h"
 873              		.file 8 "Drivers/CMSIS/Device/ST/STM32F0xx/Include/system_stm32f0xx.h"
 874              		.file 9 "Drivers/STM32F0xx_HAL_Driver/Inc/stm32f0xx_hal_cortex.h"
ARM GAS  C:\msys64\tmp\ccX5t6eg.s 			page 25


DEFINED SYMBOLS
                            *ABS*:00000000 stm32f0xx_hal.c
C:\msys64\tmp\ccX5t6eg.s:19     .text.HAL_MspInit:00000000 $t
C:\msys64\tmp\ccX5t6eg.s:25     .text.HAL_MspInit:00000000 HAL_MspInit
C:\msys64\tmp\ccX5t6eg.s:39     .text.HAL_MspDeInit:00000000 $t
C:\msys64\tmp\ccX5t6eg.s:45     .text.HAL_MspDeInit:00000000 HAL_MspDeInit
C:\msys64\tmp\ccX5t6eg.s:59     .text.HAL_DeInit:00000000 $t
C:\msys64\tmp\ccX5t6eg.s:65     .text.HAL_DeInit:00000000 HAL_DeInit
C:\msys64\tmp\ccX5t6eg.s:103    .text.HAL_DeInit:00000020 $d
C:\msys64\tmp\ccX5t6eg.s:108    .text.HAL_InitTick:00000000 $t
C:\msys64\tmp\ccX5t6eg.s:114    .text.HAL_InitTick:00000000 HAL_InitTick
C:\msys64\tmp\ccX5t6eg.s:187    .text.HAL_InitTick:00000040 $d
C:\msys64\tmp\ccX5t6eg.s:849    .data.uwTickFreq:00000000 uwTickFreq
C:\msys64\tmp\ccX5t6eg.s:856    .data.uwTickPrio:00000000 uwTickPrio
C:\msys64\tmp\ccX5t6eg.s:194    .text.HAL_Init:00000000 $t
C:\msys64\tmp\ccX5t6eg.s:200    .text.HAL_Init:00000000 HAL_Init
C:\msys64\tmp\ccX5t6eg.s:232    .text.HAL_Init:0000001c $d
C:\msys64\tmp\ccX5t6eg.s:237    .text.HAL_IncTick:00000000 $t
C:\msys64\tmp\ccX5t6eg.s:243    .text.HAL_IncTick:00000000 HAL_IncTick
C:\msys64\tmp\ccX5t6eg.s:264    .text.HAL_IncTick:00000010 $d
C:\msys64\tmp\ccX5t6eg.s:863    .bss.uwTick:00000000 uwTick
C:\msys64\tmp\ccX5t6eg.s:270    .text.HAL_GetTick:00000000 $t
C:\msys64\tmp\ccX5t6eg.s:276    .text.HAL_GetTick:00000000 HAL_GetTick
C:\msys64\tmp\ccX5t6eg.s:293    .text.HAL_GetTick:00000008 $d
C:\msys64\tmp\ccX5t6eg.s:298    .text.HAL_GetTickPrio:00000000 $t
C:\msys64\tmp\ccX5t6eg.s:304    .text.HAL_GetTickPrio:00000000 HAL_GetTickPrio
C:\msys64\tmp\ccX5t6eg.s:322    .text.HAL_GetTickPrio:00000008 $d
C:\msys64\tmp\ccX5t6eg.s:327    .text.HAL_SetTickFreq:00000000 $t
C:\msys64\tmp\ccX5t6eg.s:333    .text.HAL_SetTickFreq:00000000 HAL_SetTickFreq
C:\msys64\tmp\ccX5t6eg.s:391    .text.HAL_SetTickFreq:00000024 $d
C:\msys64\tmp\ccX5t6eg.s:397    .text.HAL_GetTickFreq:00000000 $t
C:\msys64\tmp\ccX5t6eg.s:403    .text.HAL_GetTickFreq:00000000 HAL_GetTickFreq
C:\msys64\tmp\ccX5t6eg.s:421    .text.HAL_GetTickFreq:00000008 $d
C:\msys64\tmp\ccX5t6eg.s:426    .text.HAL_Delay:00000000 $t
C:\msys64\tmp\ccX5t6eg.s:432    .text.HAL_Delay:00000000 HAL_Delay
C:\msys64\tmp\ccX5t6eg.s:487    .text.HAL_Delay:00000020 $d
C:\msys64\tmp\ccX5t6eg.s:492    .text.HAL_SuspendTick:00000000 $t
C:\msys64\tmp\ccX5t6eg.s:498    .text.HAL_SuspendTick:00000000 HAL_SuspendTick
C:\msys64\tmp\ccX5t6eg.s:517    .text.HAL_SuspendTick:0000000c $d
C:\msys64\tmp\ccX5t6eg.s:522    .text.HAL_ResumeTick:00000000 $t
C:\msys64\tmp\ccX5t6eg.s:528    .text.HAL_ResumeTick:00000000 HAL_ResumeTick
C:\msys64\tmp\ccX5t6eg.s:547    .text.HAL_ResumeTick:0000000c $d
C:\msys64\tmp\ccX5t6eg.s:552    .text.HAL_GetHalVersion:00000000 $t
C:\msys64\tmp\ccX5t6eg.s:558    .text.HAL_GetHalVersion:00000000 HAL_GetHalVersion
C:\msys64\tmp\ccX5t6eg.s:573    .text.HAL_GetHalVersion:00000004 $d
C:\msys64\tmp\ccX5t6eg.s:578    .text.HAL_GetREVID:00000000 $t
C:\msys64\tmp\ccX5t6eg.s:584    .text.HAL_GetREVID:00000000 HAL_GetREVID
C:\msys64\tmp\ccX5t6eg.s:603    .text.HAL_GetREVID:00000008 $d
C:\msys64\tmp\ccX5t6eg.s:608    .text.HAL_GetDEVID:00000000 $t
C:\msys64\tmp\ccX5t6eg.s:614    .text.HAL_GetDEVID:00000000 HAL_GetDEVID
C:\msys64\tmp\ccX5t6eg.s:634    .text.HAL_GetDEVID:0000000c $d
C:\msys64\tmp\ccX5t6eg.s:639    .text.HAL_GetUIDw0:00000000 $t
C:\msys64\tmp\ccX5t6eg.s:645    .text.HAL_GetUIDw0:00000000 HAL_GetUIDw0
C:\msys64\tmp\ccX5t6eg.s:663    .text.HAL_GetUIDw0:00000008 $d
C:\msys64\tmp\ccX5t6eg.s:668    .text.HAL_GetUIDw1:00000000 $t
C:\msys64\tmp\ccX5t6eg.s:674    .text.HAL_GetUIDw1:00000000 HAL_GetUIDw1
C:\msys64\tmp\ccX5t6eg.s:692    .text.HAL_GetUIDw1:00000008 $d
ARM GAS  C:\msys64\tmp\ccX5t6eg.s 			page 26


C:\msys64\tmp\ccX5t6eg.s:697    .text.HAL_GetUIDw2:00000000 $t
C:\msys64\tmp\ccX5t6eg.s:703    .text.HAL_GetUIDw2:00000000 HAL_GetUIDw2
C:\msys64\tmp\ccX5t6eg.s:721    .text.HAL_GetUIDw2:00000008 $d
C:\msys64\tmp\ccX5t6eg.s:726    .text.HAL_DBGMCU_EnableDBGStopMode:00000000 $t
C:\msys64\tmp\ccX5t6eg.s:732    .text.HAL_DBGMCU_EnableDBGStopMode:00000000 HAL_DBGMCU_EnableDBGStopMode
C:\msys64\tmp\ccX5t6eg.s:751    .text.HAL_DBGMCU_EnableDBGStopMode:0000000c $d
C:\msys64\tmp\ccX5t6eg.s:756    .text.HAL_DBGMCU_DisableDBGStopMode:00000000 $t
C:\msys64\tmp\ccX5t6eg.s:762    .text.HAL_DBGMCU_DisableDBGStopMode:00000000 HAL_DBGMCU_DisableDBGStopMode
C:\msys64\tmp\ccX5t6eg.s:781    .text.HAL_DBGMCU_DisableDBGStopMode:0000000c $d
C:\msys64\tmp\ccX5t6eg.s:786    .text.HAL_DBGMCU_EnableDBGStandbyMode:00000000 $t
C:\msys64\tmp\ccX5t6eg.s:792    .text.HAL_DBGMCU_EnableDBGStandbyMode:00000000 HAL_DBGMCU_EnableDBGStandbyMode
C:\msys64\tmp\ccX5t6eg.s:811    .text.HAL_DBGMCU_EnableDBGStandbyMode:0000000c $d
C:\msys64\tmp\ccX5t6eg.s:816    .text.HAL_DBGMCU_DisableDBGStandbyMode:00000000 $t
C:\msys64\tmp\ccX5t6eg.s:822    .text.HAL_DBGMCU_DisableDBGStandbyMode:00000000 HAL_DBGMCU_DisableDBGStandbyMode
C:\msys64\tmp\ccX5t6eg.s:841    .text.HAL_DBGMCU_DisableDBGStandbyMode:0000000c $d
C:\msys64\tmp\ccX5t6eg.s:853    .data.uwTickPrio:00000000 $d
C:\msys64\tmp\ccX5t6eg.s:860    .bss.uwTick:00000000 $d

UNDEFINED SYMBOLS
__aeabi_uidiv
HAL_SYSTICK_Config
HAL_NVIC_SetPriority
SystemCoreClock
